Archive member included to satisfy reference by file (symbol)

c:/armtc/eclipse/plugins/fr.ac6.mcu.externaltools.arm-none.win32_1.7.0.201602121829/tools/compiler/bin/../lib/gcc/arm-none-eabi/5.2.1/../../../../arm-none-eabi/lib/armv7e-m/fpu\libc_nano.a(lib_a-exit.o)
                              c:/armtc/eclipse/plugins/fr.ac6.mcu.externaltools.arm-none.win32_1.7.0.201602121829/tools/compiler/bin/../lib/gcc/arm-none-eabi/5.2.1/../../../../arm-none-eabi/lib/armv7e-m/fpu/crt0.o (exit)
c:/armtc/eclipse/plugins/fr.ac6.mcu.externaltools.arm-none.win32_1.7.0.201602121829/tools/compiler/bin/../lib/gcc/arm-none-eabi/5.2.1/../../../../arm-none-eabi/lib/armv7e-m/fpu\libc_nano.a(lib_a-impure.o)
                              c:/armtc/eclipse/plugins/fr.ac6.mcu.externaltools.arm-none.win32_1.7.0.201602121829/tools/compiler/bin/../lib/gcc/arm-none-eabi/5.2.1/../../../../arm-none-eabi/lib/armv7e-m/fpu\libc_nano.a(lib_a-exit.o) (_global_impure_ptr)
c:/armtc/eclipse/plugins/fr.ac6.mcu.externaltools.arm-none.win32_1.7.0.201602121829/tools/compiler/bin/../lib/gcc/arm-none-eabi/5.2.1/../../../../arm-none-eabi/lib/armv7e-m/fpu\libc_nano.a(lib_a-init.o)
                              c:/armtc/eclipse/plugins/fr.ac6.mcu.externaltools.arm-none.win32_1.7.0.201602121829/tools/compiler/bin/../lib/gcc/arm-none-eabi/5.2.1/../../../../arm-none-eabi/lib/armv7e-m/fpu/crt0.o (__libc_init_array)
c:/armtc/eclipse/plugins/fr.ac6.mcu.externaltools.arm-none.win32_1.7.0.201602121829/tools/compiler/bin/../lib/gcc/arm-none-eabi/5.2.1/../../../../arm-none-eabi/lib/armv7e-m/fpu\libc_nano.a(lib_a-memset.o)
                              c:/armtc/eclipse/plugins/fr.ac6.mcu.externaltools.arm-none.win32_1.7.0.201602121829/tools/compiler/bin/../lib/gcc/arm-none-eabi/5.2.1/../../../../arm-none-eabi/lib/armv7e-m/fpu/crt0.o (memset)
c:/armtc/eclipse/plugins/fr.ac6.mcu.externaltools.arm-none.win32_1.7.0.201602121829/tools/compiler/bin/../lib/gcc/arm-none-eabi/5.2.1/../../../../arm-none-eabi/lib/armv7e-m/fpu\libc_nano.a(lib_a-printf.o)
                              Application/User/main.o (printf)
c:/armtc/eclipse/plugins/fr.ac6.mcu.externaltools.arm-none.win32_1.7.0.201602121829/tools/compiler/bin/../lib/gcc/arm-none-eabi/5.2.1/../../../../arm-none-eabi/lib/armv7e-m/fpu\libc_nano.a(lib_a-findfp.o)
                              c:/armtc/eclipse/plugins/fr.ac6.mcu.externaltools.arm-none.win32_1.7.0.201602121829/tools/compiler/bin/../lib/gcc/arm-none-eabi/5.2.1/../../../../arm-none-eabi/lib/armv7e-m/fpu\libc_nano.a(lib_a-printf.o) (__sinit)
c:/armtc/eclipse/plugins/fr.ac6.mcu.externaltools.arm-none.win32_1.7.0.201602121829/tools/compiler/bin/../lib/gcc/arm-none-eabi/5.2.1/../../../../arm-none-eabi/lib/armv7e-m/fpu\libc_nano.a(lib_a-fwalk.o)
                              c:/armtc/eclipse/plugins/fr.ac6.mcu.externaltools.arm-none.win32_1.7.0.201602121829/tools/compiler/bin/../lib/gcc/arm-none-eabi/5.2.1/../../../../arm-none-eabi/lib/armv7e-m/fpu\libc_nano.a(lib_a-findfp.o) (_fwalk)
c:/armtc/eclipse/plugins/fr.ac6.mcu.externaltools.arm-none.win32_1.7.0.201602121829/tools/compiler/bin/../lib/gcc/arm-none-eabi/5.2.1/../../../../arm-none-eabi/lib/armv7e-m/fpu\libc_nano.a(lib_a-nano-mallocr.o)
                              c:/armtc/eclipse/plugins/fr.ac6.mcu.externaltools.arm-none.win32_1.7.0.201602121829/tools/compiler/bin/../lib/gcc/arm-none-eabi/5.2.1/../../../../arm-none-eabi/lib/armv7e-m/fpu\libc_nano.a(lib_a-findfp.o) (_malloc_r)
c:/armtc/eclipse/plugins/fr.ac6.mcu.externaltools.arm-none.win32_1.7.0.201602121829/tools/compiler/bin/../lib/gcc/arm-none-eabi/5.2.1/../../../../arm-none-eabi/lib/armv7e-m/fpu\libc_nano.a(lib_a-nano-vfprintf.o)
                              c:/armtc/eclipse/plugins/fr.ac6.mcu.externaltools.arm-none.win32_1.7.0.201602121829/tools/compiler/bin/../lib/gcc/arm-none-eabi/5.2.1/../../../../arm-none-eabi/lib/armv7e-m/fpu\libc_nano.a(lib_a-printf.o) (_vfprintf_r)
c:/armtc/eclipse/plugins/fr.ac6.mcu.externaltools.arm-none.win32_1.7.0.201602121829/tools/compiler/bin/../lib/gcc/arm-none-eabi/5.2.1/../../../../arm-none-eabi/lib/armv7e-m/fpu\libc_nano.a(lib_a-nano-vfprintf_i.o)
                              c:/armtc/eclipse/plugins/fr.ac6.mcu.externaltools.arm-none.win32_1.7.0.201602121829/tools/compiler/bin/../lib/gcc/arm-none-eabi/5.2.1/../../../../arm-none-eabi/lib/armv7e-m/fpu\libc_nano.a(lib_a-nano-vfprintf.o) (_printf_i)
c:/armtc/eclipse/plugins/fr.ac6.mcu.externaltools.arm-none.win32_1.7.0.201602121829/tools/compiler/bin/../lib/gcc/arm-none-eabi/5.2.1/../../../../arm-none-eabi/lib/armv7e-m/fpu\libc_nano.a(lib_a-sbrkr.o)
                              c:/armtc/eclipse/plugins/fr.ac6.mcu.externaltools.arm-none.win32_1.7.0.201602121829/tools/compiler/bin/../lib/gcc/arm-none-eabi/5.2.1/../../../../arm-none-eabi/lib/armv7e-m/fpu\libc_nano.a(lib_a-nano-mallocr.o) (_sbrk_r)
[...]
Memory Configuration

Name             Origin             Length             Attributes
FLASH            0x08000000         0x00080000         xr
RAM              0x20000000         0x00018000         xrw
*default*        0x00000000         0xffffffff

Linker script and memory map

LOAD c:/armtc/eclipse/plugins/fr.ac6.mcu.externaltools.arm-none.win32_1.7.0.201602121829/tools/compiler/bin/../lib/gcc/arm-none-eabi/5.2.1/armv7e-m/fpu/crti.o
LOAD c:/armtc/eclipse/plugins/fr.ac6.mcu.externaltools.arm-none.win32_1.7.0.201602121829/tools/compiler/bin/../lib/gcc/arm-none-eabi/5.2.1/armv7e-m/fpu/crtbegin.o
LOAD c:/armtc/eclipse/plugins/fr.ac6.mcu.externaltools.arm-none.win32_1.7.0.201602121829/tools/compiler/bin/../lib/gcc/arm-none-eabi/5.2.1/../../../../arm-none-eabi/lib/armv7e-m/fpu/crt0.o
LOAD c:/armtc/eclipse/plugins/fr.ac6.mcu.externaltools.arm-none.win32_1.7.0.201602121829/tools/compiler/bin/../lib/gcc/arm-none-eabi/5.2.1/../../../../arm-none-eabi/lib/armv7e-m/fpu\libm.a
LOAD Application/SW4STM32/startup_stm32f401xe.o
LOAD Application/User/dma.o
LOAD Application/User/gpio.o
LOAD Application/User/i2c.o
LOAD Application/User/main.o
LOAD Application/User/spi.o
LOAD Application/User/stm32f4xx_hal_msp.o
LOAD Application/User/stm32f4xx_it.o
LOAD Application/User/usart.o
LOAD Drivers/CMSIS/system_stm32f4xx.o
LOAD Drivers/STM32F4xx_HAL_Driver/stm32f4xx_hal.o
LOAD Drivers/STM32F4xx_HAL_Driver/stm32f4xx_hal_cortex.o
LOAD Drivers/STM32F4xx_HAL_Driver/stm32f4xx_hal_dma.o
LOAD Drivers/STM32F4xx_HAL_Driver/stm32f4xx_hal_dma_ex.o
LOAD Drivers/STM32F4xx_HAL_Driver/stm32f4xx_hal_flash.o
LOAD Drivers/STM32F4xx_HAL_Driver/stm32f4xx_hal_flash_ex.o
LOAD Drivers/STM32F4xx_HAL_Driver/stm32f4xx_hal_flash_ramfunc.o
LOAD Drivers/STM32F4xx_HAL_Driver/stm32f4xx_hal_gpio.o
LOAD Drivers/STM32F4xx_HAL_Driver/stm32f4xx_hal_i2c.o
LOAD Drivers/STM32F4xx_HAL_Driver/stm32f4xx_hal_i2c_ex.o
LOAD Drivers/STM32F4xx_HAL_Driver/stm32f4xx_hal_pwr.o
LOAD Drivers/STM32F4xx_HAL_Driver/stm32f4xx_hal_pwr_ex.o
LOAD Drivers/STM32F4xx_HAL_Driver/stm32f4xx_hal_rcc.o
LOAD Drivers/STM32F4xx_HAL_Driver/stm32f4xx_hal_rcc_ex.o
LOAD Drivers/STM32F4xx_HAL_Driver/stm32f4xx_hal_rtc.o
LOAD Drivers/STM32F4xx_HAL_Driver/stm32f4xx_hal_rtc_ex.o
LOAD Drivers/STM32F4xx_HAL_Driver/stm32f4xx_hal_spi.o
LOAD Drivers/STM32F4xx_HAL_Driver/stm32f4xx_hal_tim.o
LOAD Drivers/STM32F4xx_HAL_Driver/stm32f4xx_hal_tim_ex.o
LOAD Drivers/STM32F4xx_HAL_Driver/stm32f4xx_hal_uart.o
START GROUP
LOAD c:/armtc/eclipse/plugins/fr.ac6.mcu.externaltools.arm-none.win32_1.7.0.201602121829/tools/compiler/bin/../lib/gcc/arm-none-eabi/5.2.1/armv7e-m/fpu\libgcc.a
LOAD c:/armtc/eclipse/plugins/fr.ac6.mcu.externaltools.arm-none.win32_1.7.0.201602121829/tools/compiler/bin/../lib/gcc/arm-none-eabi/5.2.1/../../../../arm-none-eabi/lib/armv7e-m/fpu\libc_nano.a
END GROUP
START GROUP
LOAD c:/armtc/eclipse/plugins/fr.ac6.mcu.externaltools.arm-none.win32_1.7.0.201602121829/tools/compiler/bin/../lib/gcc/arm-none-eabi/5.2.1/armv7e-m/fpu\libgcc.a
LOAD c:/armtc/eclipse/plugins/fr.ac6.mcu.externaltools.arm-none.win32_1.7.0.201602121829/tools/compiler/bin/../lib/gcc/arm-none-eabi/5.2.1/../../../../arm-none-eabi/lib/armv7e-m/fpu\libc_nano.a
LOAD c:/armtc/eclipse/plugins/fr.ac6.mcu.externaltools.arm-none.win32_1.7.0.201602121829/tools/compiler/bin/../lib/gcc/arm-none-eabi/5.2.1/../../../../arm-none-eabi/lib/armv7e-m/fpu\libnosys.a
END GROUP
START GROUP
LOAD c:/armtc/eclipse/plugins/fr.ac6.mcu.externaltools.arm-none.win32_1.7.0.201602121829/tools/compiler/bin/../lib/gcc/arm-none-eabi/5.2.1/armv7e-m/fpu\libgcc.a
LOAD c:/armtc/eclipse/plugins/fr.ac6.mcu.externaltools.arm-none.win32_1.7.0.201602121829/tools/compiler/bin/../lib/gcc/arm-none-eabi/5.2.1/../../../../arm-none-eabi/lib/armv7e-m/fpu\libc_nano.a
LOAD c:/armtc/eclipse/plugins/fr.ac6.mcu.externaltools.arm-none.win32_1.7.0.201602121829/tools/compiler/bin/../lib/gcc/arm-none-eabi/5.2.1/../../../../arm-none-eabi/lib/armv7e-m/fpu\libnosys.a
END GROUP
LOAD c:/armtc/eclipse/plugins/fr.ac6.mcu.externaltools.arm-none.win32_1.7.0.201602121829/tools/compiler/bin/../lib/gcc/arm-none-eabi/5.2.1/armv7e-m/fpu/crtend.o
LOAD c:/armtc/eclipse/plugins/fr.ac6.mcu.externaltools.arm-none.win32_1.7.0.201602121829/tools/compiler/bin/../lib/gcc/arm-none-eabi/5.2.1/armv7e-m/fpu/crtn.o
                0x20018000                _estack = 0x20018000
                0x00000400                _Min_Heap_Size = 0x400
                0x00000200                _Min_Stack_Size = 0x200

.isr_vector     0x08000000      0x194
                0x08000000                . = ALIGN (0x4)
 *(.isr_vector)
 .isr_vector    0x08000000      0x194 Application/SW4STM32/startup_stm32f401xe.o
                0x08000000                g_pfnVectors
                0x08000194                . = ALIGN (0x4)

.text           0x080001a0     0x2e48
                0x080001a0                . = ALIGN (0x4)
 *(.text)
 .text          0x080001a0       0xa4 c:/armtc/eclipse/plugins/fr.ac6.mcu.externaltools.arm-none.win32_1.7.0.201602121829/tools/compiler/bin/../lib/gcc/arm-none-eabi/5.2.1/armv7e-m/fpu/crtbegin.o
 *fill*         0x08000244        0xc 
 .text          0x08000250       0xa0 c:/armtc/eclipse/plugins/fr.ac6.mcu.externaltools.arm-none.win32_1.7.0.201602121829/tools/compiler/bin/../lib/gcc/arm-none-eabi/5.2.1/../../../../arm-none-eabi/lib/armv7e-m/fpu\libc_nano.a(lib_a-memchr.o)
                0x08000250                memchr
 *(.text*)
 .text.Reset_Handler
                0x080002f0       0x50 Application/SW4STM32/startup_stm32f401xe.o
                0x080002f0                Reset_Handler
 .text.Default_Handler
                0x08000340        0x2 Application/SW4STM32/startup_stm32f401xe.o
                0x08000340                RTC_Alarm_IRQHandler
                0x08000340                EXTI2_IRQHandler
                0x08000340                DebugMon_Handler
                0x08000340                SPI4_IRQHandler
                0x08000340                TIM1_CC_IRQHandler
                0x08000340                DMA2_Stream5_IRQHandler
                0x08000340                HardFault_Handler
                0x08000340                DMA1_Stream5_IRQHandler
                0x08000340                PVD_IRQHandler
                0x08000340                SDIO_IRQHandler
                0x08000340                TAMP_STAMP_IRQHandler
                0x08000340                PendSV_Handler
                0x08000340                EXTI3_IRQHandler
                0x08000340                TIM1_UP_TIM10_IRQHandler
                0x08000340                I2C3_ER_IRQHandler
                0x08000340                EXTI0_IRQHandler
                0x08000340                I2C2_EV_IRQHandler
                0x08000340                DMA1_Stream2_IRQHandler
                0x08000340                FPU_IRQHandler
                0x08000340                UsageFault_Handler
                0x08000340                DMA2_Stream2_IRQHandler
                0x08000340                TIM1_BRK_TIM9_IRQHandler
                0x08000340                USART6_IRQHandler
                0x08000340                TIM4_IRQHandler
                0x08000340                I2C1_EV_IRQHandler
                0x08000340                DMA1_Stream6_IRQHandler
                0x08000340                DMA1_Stream1_IRQHandler
                0x08000340                TIM3_IRQHandler
                0x08000340                RCC_IRQHandler
                0x08000340                Default_Handler
                0x08000340                EXTI15_10_IRQHandler
                0x08000340                ADC_IRQHandler
                0x08000340                DMA1_Stream7_IRQHandler
                0x08000340                TIM5_IRQHandler
                0x08000340                DMA2_Stream7_IRQHandler
                0x08000340                I2C3_EV_IRQHandler
                0x08000340                EXTI9_5_IRQHandler
                0x08000340                RTC_WKUP_IRQHandler
                0x08000340                SPI2_IRQHandler
                0x08000340                MemManage_Handler
                0x08000340                DMA1_Stream0_IRQHandler
                0x08000340                SVC_Handler
                0x08000340                EXTI4_IRQHandler
                0x08000340                WWDG_IRQHandler
                0x08000340                TIM2_IRQHandler
                0x08000340                OTG_FS_WKUP_IRQHandler
                0x08000340                TIM1_TRG_COM_TIM11_IRQHandler
                0x08000340                EXTI1_IRQHandler
                0x08000340                USART2_IRQHandler
                0x08000340                I2C2_ER_IRQHandler
                0x08000340                FLASH_IRQHandler
                0x08000340                DMA2_Stream4_IRQHandler
                0x08000340                BusFault_Handler
                0x08000340                USART1_IRQHandler
                0x08000340                OTG_FS_IRQHandler
                0x08000340                SPI3_IRQHandler
                0x08000340                DMA1_Stream4_IRQHandler
                0x08000340                I2C1_ER_IRQHandler
                0x08000340                DMA2_Stream6_IRQHandler
                0x08000340                DMA1_Stream3_IRQHandler
 *fill*         0x08000342        0x2 
 .text.MX_DMA_Init
                0x08000344       0x98 Application/User/dma.o
                0x08000344                MX_DMA_Init
 .text.MX_GPIO_Init
                0x080003dc       0x80 Application/User/gpio.o
                0x080003dc                MX_GPIO_Init
 .text.MX_I2C1_Init
                0x0800045c       0x30 Application/User/i2c.o
                0x0800045c                MX_I2C1_Init
 .text.HAL_I2C_MspInit
                0x0800048c       0x54 Application/User/i2c.o
                0x0800048c                HAL_I2C_MspInit
 .text.SystemClock_Config
                0x080004e0       0xa4 Application/User/main.o
                0x080004e0                SystemClock_Config
 .text.startup.main
                0x08000584       0x6c Application/User/main.o
                0x08000584                main
 .text.HAL_SPI_RxCpltCallback
                0x080005f0       0x30 Application/User/main.o
                0x080005f0                HAL_SPI_RxCpltCallback
 .text.HAL_SPI_ErrorCallback
                0x08000620        0x2 Application/User/main.o
                0x08000620                HAL_SPI_ErrorCallback
 *fill*         0x08000622        0x2 
 .text.MX_SPI1_Init
                0x08000624       0x3c Application/User/spi.o
                0x08000624                MX_SPI1_Init
 .text.HAL_SPI_MspInit
                0x08000660      0x114 Application/User/spi.o
                0x08000660                HAL_SPI_MspInit
 .text.HAL_MspInit
                0x08000774       0x18 Application/User/stm32f4xx_hal_msp.o
                0x08000774                HAL_MspInit
 .text.NMI_Handler
                0x0800078c        0x4 Application/User/stm32f4xx_it.o
                0x0800078c                NMI_Handler
 .text.SysTick_Handler
                0x08000790        0xe Application/User/stm32f4xx_it.o
                0x08000790                SysTick_Handler
 *fill*         0x0800079e        0x2 
 .text.SPI1_IRQHandler
                0x080007a0        0xc Application/User/stm32f4xx_it.o
                0x080007a0                SPI1_IRQHandler
 .text.DMA2_Stream0_IRQHandler
                0x080007ac        0xc Application/User/stm32f4xx_it.o
                0x080007ac                DMA2_Stream0_IRQHandler
 .text.DMA2_Stream1_IRQHandler
                0x080007b8        0xc Application/User/stm32f4xx_it.o
                0x080007b8                DMA2_Stream1_IRQHandler
 .text.DMA2_Stream3_IRQHandler
                0x080007c4        0xc Application/User/stm32f4xx_it.o
                0x080007c4                DMA2_Stream3_IRQHandler
 .text.MX_USART1_UART_Init
                0x080007d0       0x28 Application/User/usart.o
                0x080007d0                MX_USART1_UART_Init
 .text.MX_USART2_UART_Init
                0x080007f8       0x28 Application/User/usart.o
                0x080007f8                MX_USART2_UART_Init
 .text.HAL_UART_MspInit
                0x08000820       0x84 Application/User/usart.o
                0x08000820                HAL_UART_MspInit
 .text.SystemInit
                0x080008a4       0x4c Drivers/CMSIS/system_stm32f4xx.o
                0x080008a4                SystemInit
 .text.HAL_InitTick
                0x080008f0       0x24 Drivers/STM32F4xx_HAL_Driver/stm32f4xx_hal.o
                0x080008f0                HAL_InitTick
 .text.HAL_Init
                0x08000914       0x34 Drivers/STM32F4xx_HAL_Driver/stm32f4xx_hal.o
                0x08000914                HAL_Init
 .text.HAL_IncTick
                0x08000948       0x10 Drivers/STM32F4xx_HAL_Driver/stm32f4xx_hal.o
                0x08000948                HAL_IncTick
 .text.HAL_GetTick
                0x08000958        0xc Drivers/STM32F4xx_HAL_Driver/stm32f4xx_hal.o
                0x08000958                HAL_GetTick
 .text.HAL_Delay
                0x08000964       0x1a Drivers/STM32F4xx_HAL_Driver/stm32f4xx_hal.o
                0x08000964                HAL_Delay
 *fill*         0x0800097e        0x2 
 .text.HAL_NVIC_SetPriorityGrouping
                0x08000980       0x24 Drivers/STM32F4xx_HAL_Driver/stm32f4xx_hal_cortex.o
                0x08000980                HAL_NVIC_SetPriorityGrouping
 .text.HAL_NVIC_SetPriority
                0x080009a4       0x68 Drivers/STM32F4xx_HAL_Driver/stm32f4xx_hal_cortex.o
                0x080009a4                HAL_NVIC_SetPriority
 .text.HAL_NVIC_EnableIRQ
                0x08000a0c       0x18 Drivers/STM32F4xx_HAL_Driver/stm32f4xx_hal_cortex.o
                0x08000a0c                HAL_NVIC_EnableIRQ
 .text.HAL_SYSTICK_Config
                0x08000a24       0x2c Drivers/STM32F4xx_HAL_Driver/stm32f4xx_hal_cortex.o
                0x08000a24                HAL_SYSTICK_Config
 .text.HAL_SYSTICK_CLKSourceConfig
                0x08000a50       0x18 Drivers/STM32F4xx_HAL_Driver/stm32f4xx_hal_cortex.o
                0x08000a50                HAL_SYSTICK_CLKSourceConfig
 .text.HAL_SYSTICK_Callback
                0x08000a68        0x2 Drivers/STM32F4xx_HAL_Driver/stm32f4xx_hal_cortex.o
                0x08000a68                HAL_SYSTICK_Callback
 .text.HAL_SYSTICK_IRQHandler
                0x08000a6a        0x8 Drivers/STM32F4xx_HAL_Driver/stm32f4xx_hal_cortex.o
                0x08000a6a                HAL_SYSTICK_IRQHandler
 *fill*         0x08000a72        0x2 
 .text.DMA_CalcBaseAndBitshift
                0x08000a74       0x2c Drivers/STM32F4xx_HAL_Driver/stm32f4xx_hal_dma.o
 .text.HAL_DMA_Init
                0x08000aa0       0x74 Drivers/STM32F4xx_HAL_Driver/stm32f4xx_hal_dma.o
                0x08000aa0                HAL_DMA_Init
 .text.HAL_DMA_Start_IT
                0x08000b14       0x5a Drivers/STM32F4xx_HAL_Driver/stm32f4xx_hal_dma.o
                0x08000b14                HAL_DMA_Start_IT
 *fill*         0x08000b6e        0x2 
 .text.HAL_DMA_IRQHandler
                0x08000b70      0x164 Drivers/STM32F4xx_HAL_Driver/stm32f4xx_hal_dma.o
                0x08000b70                HAL_DMA_IRQHandler
 .text.HAL_GPIO_Init
                0x08000cd4      0x19c Drivers/STM32F4xx_HAL_Driver/stm32f4xx_hal_gpio.o
                0x08000cd4                HAL_GPIO_Init
 .text.HAL_I2C_Init
                0x08000e70       0xdc Drivers/STM32F4xx_HAL_Driver/stm32f4xx_hal_i2c.o
                0x08000e70                HAL_I2C_Init
 .text.HAL_RCC_OscConfig
                0x08000f4c      0x2d0 Drivers/STM32F4xx_HAL_Driver/stm32f4xx_hal_rcc.o
                0x08000f4c                HAL_RCC_OscConfig
 .text.HAL_RCC_ClockConfig
                0x0800121c      0x140 Drivers/STM32F4xx_HAL_Driver/stm32f4xx_hal_rcc.o
                0x0800121c                HAL_RCC_ClockConfig
 .text.HAL_RCC_GetSysClockFreq
                0x0800135c       0x7c Drivers/STM32F4xx_HAL_Driver/stm32f4xx_hal_rcc.o
                0x0800135c                HAL_RCC_GetSysClockFreq
 .text.HAL_RCC_GetHCLKFreq
                0x080013d8       0x34 Drivers/STM32F4xx_HAL_Driver/stm32f4xx_hal_rcc.o
                0x080013d8                HAL_RCC_GetHCLKFreq
 .text.HAL_RCC_GetPCLK1Freq
                0x0800140c       0x2c Drivers/STM32F4xx_HAL_Driver/stm32f4xx_hal_rcc.o
                0x0800140c                HAL_RCC_GetPCLK1Freq
 .text.HAL_RCC_GetPCLK2Freq
                0x08001438       0x2c Drivers/STM32F4xx_HAL_Driver/stm32f4xx_hal_rcc.o
                0x08001438                HAL_RCC_GetPCLK2Freq
 .text.HAL_RCC_CSSCallback
                0x08001464        0x2 Drivers/STM32F4xx_HAL_Driver/stm32f4xx_hal_rcc.o
                0x08001464                HAL_RCC_CSSCallback
 *fill*         0x08001466        0x2 
 .text.HAL_RCC_NMI_IRQHandler
                0x08001468       0x20 Drivers/STM32F4xx_HAL_Driver/stm32f4xx_hal_rcc.o
                0x08001468                HAL_RCC_NMI_IRQHandler
 .text.SPI_CheckForDisablingSPI
                0x08001488       0x24 Drivers/STM32F4xx_HAL_Driver/stm32f4xx_hal_spi.o
 .text.SPI_WaitFlagStateUntilTimeout
                0x080014ac       0x88 Drivers/STM32F4xx_HAL_Driver/stm32f4xx_hal_spi.o
 .text.SPI_CheckFlag_BSY
                0x08001534       0x20 Drivers/STM32F4xx_HAL_Driver/stm32f4xx_hal_spi.o
 .text.HAL_SPI_Init
                0x08001554       0x80 Drivers/STM32F4xx_HAL_Driver/stm32f4xx_hal_spi.o
                0x08001554                HAL_SPI_Init
 .text.HAL_SPI_TransmitReceive
                0x080015d4      0x20a Drivers/STM32F4xx_HAL_Driver/stm32f4xx_hal_spi.o
                0x080015d4                HAL_SPI_TransmitReceive
 .text.HAL_SPI_Receive
                0x080017de      0x1dc Drivers/STM32F4xx_HAL_Driver/stm32f4xx_hal_spi.o
                0x080017de                HAL_SPI_Receive
 *fill*         0x080019ba        0x2 
 .text.HAL_SPI_TransmitReceive_DMA
                0x080019bc      0x100 Drivers/STM32F4xx_HAL_Driver/stm32f4xx_hal_spi.o
                0x080019bc                HAL_SPI_TransmitReceive_DMA
 .text.HAL_SPI_Receive_DMA
                0x08001abc       0xd8 Drivers/STM32F4xx_HAL_Driver/stm32f4xx_hal_spi.o
                0x08001abc                HAL_SPI_Receive_DMA
 .text.HAL_SPI_TxRxCpltCallback
                0x08001b94        0x2 Drivers/STM32F4xx_HAL_Driver/stm32f4xx_hal_spi.o
                0x08001b94                HAL_SPI_TxRxCpltCallback
 .text.HAL_SPI_RxHalfCpltCallback
                0x08001b96        0x2 Drivers/STM32F4xx_HAL_Driver/stm32f4xx_hal_spi.o
                0x08001b96                HAL_SPI_RxHalfCpltCallback
 .text.SPI_DMAHalfReceiveCplt
                0x08001b98        0xa Drivers/STM32F4xx_HAL_Driver/stm32f4xx_hal_spi.o
 .text.HAL_SPI_TxRxHalfCpltCallback
                0x08001ba2        0x2 Drivers/STM32F4xx_HAL_Driver/stm32f4xx_hal_spi.o
                0x08001ba2                HAL_SPI_TxRxHalfCpltCallback
 .text.SPI_DMAHalfTransmitReceiveCplt
                0x08001ba4        0xa Drivers/STM32F4xx_HAL_Driver/stm32f4xx_hal_spi.o
 .text.SPI_DMAError
                0x08001bae       0x22 Drivers/STM32F4xx_HAL_Driver/stm32f4xx_hal_spi.o
 .text.SPI_DMAReceiveCplt
                0x08001bd0       0x98 Drivers/STM32F4xx_HAL_Driver/stm32f4xx_hal_spi.o
 .text.SPI_DMATransmitReceiveCplt
                0x08001c68       0x9c Drivers/STM32F4xx_HAL_Driver/stm32f4xx_hal_spi.o
 .text.HAL_SPI_IRQHandler
                0x08001d04       0xa6 Drivers/STM32F4xx_HAL_Driver/stm32f4xx_hal_spi.o
                0x08001d04                HAL_SPI_IRQHandler
 *fill*         0x08001daa        0x2 
 .text.UART_SetConfig
                0x08001dac      0x23c Drivers/STM32F4xx_HAL_Driver/stm32f4xx_hal_uart.o
 .text.UART_WaitOnFlagUntilTimeout.constprop.1
                0x08001fe8       0x64 Drivers/STM32F4xx_HAL_Driver/stm32f4xx_hal_uart.o
 .text.HAL_UART_Init
                0x0800204c       0x5c Drivers/STM32F4xx_HAL_Driver/stm32f4xx_hal_uart.o
                0x0800204c                HAL_UART_Init
 .text.HAL_UART_Transmit
                0x080020a8       0x9c Drivers/STM32F4xx_HAL_Driver/stm32f4xx_hal_uart.o
                0x080020a8                HAL_UART_Transmit
 .text.__libc_init_array
                0x08002144       0x4c c:/armtc/eclipse/plugins/fr.ac6.mcu.externaltools.arm-none.win32_1.7.0.201602121829/tools/compiler/bin/../lib/gcc/arm-none-eabi/5.2.1/../../../../arm-none-eabi/lib/armv7e-m/fpu\libc_nano.a(lib_a-init.o)
                0x08002144                __libc_init_array
 .text.memset   0x08002190       0x10 c:/armtc/eclipse/plugins/fr.ac6.mcu.externaltools.arm-none.win32_1.7.0.201602121829/tools/compiler/bin/../lib/gcc/arm-none-eabi/5.2.1/../../../../arm-none-eabi/lib/armv7e-m/fpu\libc_nano.a(lib_a-memset.o)
                0x08002190                memset
 .text.printf   0x080021a0       0x30 c:/armtc/eclipse/plugins/fr.ac6.mcu.externaltools.arm-none.win32_1.7.0.201602121829/tools/compiler/bin/../lib/gcc/arm-none-eabi/5.2.1/../../../../arm-none-eabi/lib/armv7e-m/fpu\libc_nano.a(lib_a-printf.o)
                0x080021a0                iprintf
                0x080021a0                printf
 .text._cleanup_r
                0x080021d0        0xc c:/armtc/eclipse/plugins/fr.ac6.mcu.externaltools.arm-none.win32_1.7.0.201602121829/tools/compiler/bin/../lib/gcc/arm-none-eabi/5.2.1/../../../../arm-none-eabi/lib/armv7e-m/fpu\libc_nano.a(lib_a-findfp.o)
                0x080021d0                _cleanup_r
 .text.std.isra.0
                0x080021dc       0x48 c:/armtc/eclipse/plugins/fr.ac6.mcu.externaltools.arm-none.win32_1.7.0.201602121829/tools/compiler/bin/../lib/gcc/arm-none-eabi/5.2.1/../../../../arm-none-eabi/lib/armv7e-m/fpu\libc_nano.a(lib_a-findfp.o)
 .text.__sfmoreglue
                0x08002224       0x2c c:/armtc/eclipse/plugins/fr.ac6.mcu.externaltools.arm-none.win32_1.7.0.201602121829/tools/compiler/bin/../lib/gcc/arm-none-eabi/5.2.1/../../../../arm-none-eabi/lib/armv7e-m/fpu\libc_nano.a(lib_a-findfp.o)
                0x08002224                __sfmoreglue
 .text.__sinit  0x08002250       0x60 c:/armtc/eclipse/plugins/fr.ac6.mcu.externaltools.arm-none.win32_1.7.0.201602121829/tools/compiler/bin/../lib/gcc/arm-none-eabi/5.2.1/../../../../arm-none-eabi/lib/armv7e-m/fpu\libc_nano.a(lib_a-findfp.o)
                0x08002250                __sinit
 .text.__sfp    0x080022b0       0x78 c:/armtc/eclipse/plugins/fr.ac6.mcu.externaltools.arm-none.win32_1.7.0.201602121829/tools/compiler/bin/../lib/gcc/arm-none-eabi/5.2.1/../../../../arm-none-eabi/lib/armv7e-m/fpu\libc_nano.a(lib_a-findfp.o)
                0x080022b0                __sfp
 .text._fwalk_reent
                0x08002328       0x3c c:/armtc/eclipse/plugins/fr.ac6.mcu.externaltools.arm-none.win32_1.7.0.201602121829/tools/compiler/bin/../lib/gcc/arm-none-eabi/5.2.1/../../../../arm-none-eabi/lib/armv7e-m/fpu\libc_nano.a(lib_a-fwalk.o)
                0x08002328                _fwalk_reent
 .text._malloc_r
                0x08002364       0xa8 c:/armtc/eclipse/plugins/fr.ac6.mcu.externaltools.arm-none.win32_1.7.0.201602121829/tools/compiler/bin/../lib/gcc/arm-none-eabi/5.2.1/../../../../arm-none-eabi/lib/armv7e-m/fpu\libc_nano.a(lib_a-nano-mallocr.o)
                0x08002364                _malloc_r
 .text.__sfputc_r
                0x0800240c       0x30 c:/armtc/eclipse/plugins/fr.ac6.mcu.externaltools.arm-none.win32_1.7.0.201602121829/tools/compiler/bin/../lib/gcc/arm-none-eabi/5.2.1/../../../../arm-none-eabi/lib/armv7e-m/fpu\libc_nano.a(lib_a-nano-vfprintf.o)
 .text.__sfputs_r
                0x0800243c       0x24 c:/armtc/eclipse/plugins/fr.ac6.mcu.externaltools.arm-none.win32_1.7.0.201602121829/tools/compiler/bin/../lib/gcc/arm-none-eabi/5.2.1/../../../../arm-none-eabi/lib/armv7e-m/fpu\libc_nano.a(lib_a-nano-vfprintf.o)
                0x0800243c                __sfputs_r
 .text._vfprintf_r
                0x08002460      0x238 c:/armtc/eclipse/plugins/fr.ac6.mcu.externaltools.arm-none.win32_1.7.0.201602121829/tools/compiler/bin/../lib/gcc/arm-none-eabi/5.2.1/../../../../arm-none-eabi/lib/armv7e-m/fpu\libc_nano.a(lib_a-nano-vfprintf.o)
                0x08002460                _vfprintf_r
                0x08002460                _vfiprintf_r
 .text._printf_common
                0x08002698       0xec c:/armtc/eclipse/plugins/fr.ac6.mcu.externaltools.arm-none.win32_1.7.0.201602121829/tools/compiler/bin/../lib/gcc/arm-none-eabi/5.2.1/../../../../arm-none-eabi/lib/armv7e-m/fpu\libc_nano.a(lib_a-nano-vfprintf_i.o)
                0x08002698                _printf_common
 .text._printf_i
                0x08002784      0x24c c:/armtc/eclipse/plugins/fr.ac6.mcu.externaltools.arm-none.win32_1.7.0.201602121829/tools/compiler/bin/../lib/gcc/arm-none-eabi/5.2.1/../../../../arm-none-eabi/lib/armv7e-m/fpu\libc_nano.a(lib_a-nano-vfprintf_i.o)
                0x08002784                _printf_i
 .text._sbrk_r  0x080029d0       0x20 c:/armtc/eclipse/plugins/fr.ac6.mcu.externaltools.arm-none.win32_1.7.0.201602121829/tools/compiler/bin/../lib/gcc/arm-none-eabi/5.2.1/../../../../arm-none-eabi/lib/armv7e-m/fpu\libc_nano.a(lib_a-sbrkr.o)
                0x080029d0                _sbrk_r
 .text.__sread  0x080029f0       0x22 c:/armtc/eclipse/plugins/fr.ac6.mcu.externaltools.arm-none.win32_1.7.0.201602121829/tools/compiler/bin/../lib/gcc/arm-none-eabi/5.2.1/../../../../arm-none-eabi/lib/armv7e-m/fpu\libc_nano.a(lib_a-stdio.o)
                0x080029f0                __sread
 .text.__swrite
                0x08002a12       0x38 c:/armtc/eclipse/plugins/fr.ac6.mcu.externaltools.arm-none.win32_1.7.0.201602121829/tools/compiler/bin/../lib/gcc/arm-none-eabi/5.2.1/../../../../arm-none-eabi/lib/armv7e-m/fpu\libc_nano.a(lib_a-stdio.o)
                0x08002a12                __swrite
 .text.__sseek  0x08002a4a       0x24 c:/armtc/eclipse/plugins/fr.ac6.mcu.externaltools.arm-none.win32_1.7.0.201602121829/tools/compiler/bin/../lib/gcc/arm-none-eabi/5.2.1/../../../../arm-none-eabi/lib/armv7e-m/fpu\libc_nano.a(lib_a-stdio.o)
                0x08002a4a                __sseek
 .text.__sclose
                0x08002a6e        0x8 c:/armtc/eclipse/plugins/fr.ac6.mcu.externaltools.arm-none.win32_1.7.0.201602121829/tools/compiler/bin/../lib/gcc/arm-none-eabi/5.2.1/../../../../arm-none-eabi/lib/armv7e-m/fpu\libc_nano.a(lib_a-stdio.o)
                0x08002a6e                __sclose
 *fill*         0x08002a76        0x2 
 .text.__swbuf_r
                0x08002a78       0xa8 c:/armtc/eclipse/plugins/fr.ac6.mcu.externaltools.arm-none.win32_1.7.0.201602121829/tools/compiler/bin/../lib/gcc/arm-none-eabi/5.2.1/../../../../arm-none-eabi/lib/armv7e-m/fpu\libc_nano.a(lib_a-wbuf.o)
                0x08002a78                __swbuf_r
 .text._write_r
                0x08002b20       0x24 c:/armtc/eclipse/plugins/fr.ac6.mcu.externaltools.arm-none.win32_1.7.0.201602121829/tools/compiler/bin/../lib/gcc/arm-none-eabi/5.2.1/../../../../arm-none-eabi/lib/armv7e-m/fpu\libc_nano.a(lib_a-writer.o)
                0x08002b20                _write_r
 .text.__swsetup_r
                0x08002b44       0xd8 c:/armtc/eclipse/plugins/fr.ac6.mcu.externaltools.arm-none.win32_1.7.0.201602121829/tools/compiler/bin/../lib/gcc/arm-none-eabi/5.2.1/../../../../arm-none-eabi/lib/armv7e-m/fpu\libc_nano.a(lib_a-wsetup.o)
                0x08002b44                __swsetup_r
 .text._close_r
                0x08002c1c       0x20 c:/armtc/eclipse/plugins/fr.ac6.mcu.externaltools.arm-none.win32_1.7.0.201602121829/tools/compiler/bin/../lib/gcc/arm-none-eabi/5.2.1/../../../../arm-none-eabi/lib/armv7e-m/fpu\libc_nano.a(lib_a-closer.o)
                0x08002c1c                _close_r
 .text.__sflush_r
                0x08002c3c      0x110 c:/armtc/eclipse/plugins/fr.ac6.mcu.externaltools.arm-none.win32_1.7.0.201602121829/tools/compiler/bin/../lib/gcc/arm-none-eabi/5.2.1/../../../../arm-none-eabi/lib/armv7e-m/fpu\libc_nano.a(lib_a-fflush.o)
                0x08002c3c                __sflush_r
 .text._fflush_r
                0x08002d4c       0x54 c:/armtc/eclipse/plugins/fr.ac6.mcu.externaltools.arm-none.win32_1.7.0.201602121829/tools/compiler/bin/../lib/gcc/arm-none-eabi/5.2.1/../../../../arm-none-eabi/lib/armv7e-m/fpu\libc_nano.a(lib_a-fflush.o)
                0x08002d4c                _fflush_r
 .text._lseek_r
                0x08002da0       0x24 c:/armtc/eclipse/plugins/fr.ac6.mcu.externaltools.arm-none.win32_1.7.0.201602121829/tools/compiler/bin/../lib/gcc/arm-none-eabi/5.2.1/../../../../arm-none-eabi/lib/armv7e-m/fpu\libc_nano.a(lib_a-lseekr.o)
                0x08002da0                _lseek_r
 .text.__smakebuf_r
                0x08002dc4       0x9c c:/armtc/eclipse/plugins/fr.ac6.mcu.externaltools.arm-none.win32_1.7.0.201602121829/tools/compiler/bin/../lib/gcc/arm-none-eabi/5.2.1/../../../../arm-none-eabi/lib/armv7e-m/fpu\libc_nano.a(lib_a-makebuf.o)
                0x08002dc4                __smakebuf_r
 .text._free_r  0x08002e60       0x8c c:/armtc/eclipse/plugins/fr.ac6.mcu.externaltools.arm-none.win32_1.7.0.201602121829/tools/compiler/bin/../lib/gcc/arm-none-eabi/5.2.1/../../../../arm-none-eabi/lib/armv7e-m/fpu\libc_nano.a(lib_a-nano-freer.o)
                0x08002e60                _free_r
 .text._read_r  0x08002eec       0x24 c:/armtc/eclipse/plugins/fr.ac6.mcu.externaltools.arm-none.win32_1.7.0.201602121829/tools/compiler/bin/../lib/gcc/arm-none-eabi/5.2.1/../../../../arm-none-eabi/lib/armv7e-m/fpu\libc_nano.a(lib_a-readr.o)
                0x08002eec                _read_r
 .text._fstat_r
                0x08002f10       0x24 c:/armtc/eclipse/plugins/fr.ac6.mcu.externaltools.arm-none.win32_1.7.0.201602121829/tools/compiler/bin/../lib/gcc/arm-none-eabi/5.2.1/../../../../arm-none-eabi/lib/armv7e-m/fpu\libc_nano.a(lib_a-fstatr.o)
                0x08002f10                _fstat_r
 .text._isatty_r
                0x08002f34       0x20 c:/armtc/eclipse/plugins/fr.ac6.mcu.externaltools.arm-none.win32_1.7.0.201602121829/tools/compiler/bin/../lib/gcc/arm-none-eabi/5.2.1/../../../../arm-none-eabi/lib/armv7e-m/fpu\libc_nano.a(lib_a-isattyr.o)
                0x08002f34                _isatty_r
 .text._close   0x08002f54       0x10 c:/armtc/eclipse/plugins/fr.ac6.mcu.externaltools.arm-none.win32_1.7.0.201602121829/tools/compiler/bin/../lib/gcc/arm-none-eabi/5.2.1/../../../../arm-none-eabi/lib/armv7e-m/fpu\libnosys.a(close.o)
                0x08002f54                _close
 .text._fstat   0x08002f64       0x10 c:/armtc/eclipse/plugins/fr.ac6.mcu.externaltools.arm-none.win32_1.7.0.201602121829/tools/compiler/bin/../lib/gcc/arm-none-eabi/5.2.1/../../../../arm-none-eabi/lib/armv7e-m/fpu\libnosys.a(fstat.o)
                0x08002f64                _fstat
 .text._isatty  0x08002f74       0x10 c:/armtc/eclipse/plugins/fr.ac6.mcu.externaltools.arm-none.win32_1.7.0.201602121829/tools/compiler/bin/../lib/gcc/arm-none-eabi/5.2.1/../../../../arm-none-eabi/lib/armv7e-m/fpu\libnosys.a(isatty.o)
                0x08002f74                _isatty
 .text._lseek   0x08002f84       0x10 c:/armtc/eclipse/plugins/fr.ac6.mcu.externaltools.arm-none.win32_1.7.0.201602121829/tools/compiler/bin/../lib/gcc/arm-none-eabi/5.2.1/../../../../arm-none-eabi/lib/armv7e-m/fpu\libnosys.a(lseek.o)
                0x08002f84                _lseek
 .text._read    0x08002f94       0x10 c:/armtc/eclipse/plugins/fr.ac6.mcu.externaltools.arm-none.win32_1.7.0.201602121829/tools/compiler/bin/../lib/gcc/arm-none-eabi/5.2.1/../../../../arm-none-eabi/lib/armv7e-m/fpu\libnosys.a(read.o)
                0x08002f94                _read
 .text._sbrk    0x08002fa4       0x1c c:/armtc/eclipse/plugins/fr.ac6.mcu.externaltools.arm-none.win32_1.7.0.201602121829/tools/compiler/bin/../lib/gcc/arm-none-eabi/5.2.1/../../../../arm-none-eabi/lib/armv7e-m/fpu\libnosys.a(sbrk.o)
                0x08002fa4                _sbrk
 .text._write   0x08002fc0       0x10 c:/armtc/eclipse/plugins/fr.ac6.mcu.externaltools.arm-none.win32_1.7.0.201602121829/tools/compiler/bin/../lib/gcc/arm-none-eabi/5.2.1/../../../../arm-none-eabi/lib/armv7e-m/fpu\libnosys.a(write.o)
                0x08002fc0                _write
 *(.glue_7)
 .glue_7        0x08002fd0        0x0 linker stubs
 *(.glue_7t)
 .glue_7t       0x08002fd0        0x0 linker stubs
 *(.eh_frame)
 .eh_frame      0x08002fd0        0x0 c:/armtc/eclipse/plugins/fr.ac6.mcu.externaltools.arm-none.win32_1.7.0.201602121829/tools/compiler/bin/../lib/gcc/arm-none-eabi/5.2.1/armv7e-m/fpu/crtbegin.o
 *(.init)
 .init          0x08002fd0        0x4 c:/armtc/eclipse/plugins/fr.ac6.mcu.externaltools.arm-none.win32_1.7.0.201602121829/tools/compiler/bin/../lib/gcc/arm-none-eabi/5.2.1/armv7e-m/fpu/crti.o
                0x08002fd0                _init
 .init          0x08002fd4        0x8 c:/armtc/eclipse/plugins/fr.ac6.mcu.externaltools.arm-none.win32_1.7.0.201602121829/tools/compiler/bin/../lib/gcc/arm-none-eabi/5.2.1/armv7e-m/fpu/crtn.o
 *(.fini)
 .fini          0x08002fdc        0x4 c:/armtc/eclipse/plugins/fr.ac6.mcu.externaltools.arm-none.win32_1.7.0.201602121829/tools/compiler/bin/../lib/gcc/arm-none-eabi/5.2.1/armv7e-m/fpu/crti.o
                0x08002fdc                _fini
 .fini          0x08002fe0        0x8 c:/armtc/eclipse/plugins/fr.ac6.mcu.externaltools.arm-none.win32_1.7.0.201602121829/tools/compiler/bin/../lib/gcc/arm-none-eabi/5.2.1/armv7e-m/fpu/crtn.o
                0x08002fe8                . = ALIGN (0x4)
                0x08002fe8                _etext = .

.vfp11_veneer   0x08002fe8        0x0
 .vfp11_veneer  0x08002fe8        0x0 linker stubs

.v4_bx          0x08002fe8        0x0
 .v4_bx         0x08002fe8        0x0 linker stubs

.iplt           0x08002fe8        0x0
 .iplt          0x08002fe8        0x0 c:/armtc/eclipse/plugins/fr.ac6.mcu.externaltools.arm-none.win32_1.7.0.201602121829/tools/compiler/bin/../lib/gcc/arm-none-eabi/5.2.1/armv7e-m/fpu/crtbegin.o

.rodata         0x08002fe8       0xb8
                0x08002fe8                . = ALIGN (0x4)
 *(.rodata)
 .rodata        0x08002fe8        0x8 Drivers/STM32F4xx_HAL_Driver/stm32f4xx_hal_dma.o
 .rodata        0x08002ff0       0x10 Drivers/STM32F4xx_HAL_Driver/stm32f4xx_hal_rcc.o
                0x08002ff0                APBAHBPrescTable
 *(.rodata*)
 .rodata.str1.1
                0x08003000        0x6 Application/User/main.o
 .rodata.str1.1
                0x08003006        0x2 c:/armtc/eclipse/plugins/fr.ac6.mcu.externaltools.arm-none.win32_1.7.0.201602121829/tools/compiler/bin/../lib/gcc/arm-none-eabi/5.2.1/../../../../arm-none-eabi/lib/armv7e-m/fpu\libc_nano.a(lib_a-impure.o)
 .rodata._global_impure_ptr
                0x08003008        0x4 c:/armtc/eclipse/plugins/fr.ac6.mcu.externaltools.arm-none.win32_1.7.0.201602121829/tools/compiler/bin/../lib/gcc/arm-none-eabi/5.2.1/../../../../arm-none-eabi/lib/armv7e-m/fpu\libc_nano.a(lib_a-impure.o)
                0x08003008                _global_impure_ptr
 .rodata.__sf_fake_stdin
                0x0800300c       0x20 c:/armtc/eclipse/plugins/fr.ac6.mcu.externaltools.arm-none.win32_1.7.0.201602121829/tools/compiler/bin/../lib/gcc/arm-none-eabi/5.2.1/../../../../arm-none-eabi/lib/armv7e-m/fpu\libc_nano.a(lib_a-findfp.o)
                0x0800300c                __sf_fake_stdin
 .rodata.__sf_fake_stdout
                0x0800302c       0x20 c:/armtc/eclipse/plugins/fr.ac6.mcu.externaltools.arm-none.win32_1.7.0.201602121829/tools/compiler/bin/../lib/gcc/arm-none-eabi/5.2.1/../../../../arm-none-eabi/lib/armv7e-m/fpu\libc_nano.a(lib_a-findfp.o)
                0x0800302c                __sf_fake_stdout
 .rodata.__sf_fake_stderr
                0x0800304c       0x20 c:/armtc/eclipse/plugins/fr.ac6.mcu.externaltools.arm-none.win32_1.7.0.201602121829/tools/compiler/bin/../lib/gcc/arm-none-eabi/5.2.1/../../../../arm-none-eabi/lib/armv7e-m/fpu\libc_nano.a(lib_a-findfp.o)
                0x0800304c                __sf_fake_stderr
 .rodata.str1.1
                0x0800306c       0x11 c:/armtc/eclipse/plugins/fr.ac6.mcu.externaltools.arm-none.win32_1.7.0.201602121829/tools/compiler/bin/../lib/gcc/arm-none-eabi/5.2.1/../../../../arm-none-eabi/lib/armv7e-m/fpu\libc_nano.a(lib_a-nano-vfprintf.o)
 .rodata.str1.1
                0x0800307d       0x22 c:/armtc/eclipse/plugins/fr.ac6.mcu.externaltools.arm-none.win32_1.7.0.201602121829/tools/compiler/bin/../lib/gcc/arm-none-eabi/5.2.1/../../../../arm-none-eabi/lib/armv7e-m/fpu\libc_nano.a(lib_a-nano-vfprintf_i.o)
                0x080030a0                . = ALIGN (0x4)
 *fill*         0x0800309f        0x1 

.rel.dyn        0x080030a0        0x0
 .rel.iplt      0x080030a0        0x0 c:/armtc/eclipse/plugins/fr.ac6.mcu.externaltools.arm-none.win32_1.7.0.201602121829/tools/compiler/bin/../lib/gcc/arm-none-eabi/5.2.1/armv7e-m/fpu/crtbegin.o

.ARM.extab
 *(.ARM.extab* .gnu.linkonce.armextab.*)

.ARM            0x080030a0        0x0
                0x080030a0                __exidx_start = .
 *(.ARM.exidx*)
                0x080030a0                __exidx_end = .

.preinit_array  0x080030a0        0x0
                0x080030a0                PROVIDE (__preinit_array_start, .)
 *(.preinit_array*)
                0x080030a0                PROVIDE (__preinit_array_end, .)

.init_array     0x080030a0        0x4
                0x080030a0                PROVIDE (__init_array_start, .)
 *(SORT(.init_array.*))
 *(.init_array*)
 .init_array    0x080030a0        0x4 c:/armtc/eclipse/plugins/fr.ac6.mcu.externaltools.arm-none.win32_1.7.0.201602121829/tools/compiler/bin/../lib/gcc/arm-none-eabi/5.2.1/armv7e-m/fpu/crtbegin.o
                0x080030a4                PROVIDE (__init_array_end, .)

.fini_array     0x080030a4        0x4
                [!provide]                PROVIDE (__fini_array_start, .)
 *(SORT(.fini_array.*))
 *(.fini_array*)
 .fini_array    0x080030a4        0x4 c:/armtc/eclipse/plugins/fr.ac6.mcu.externaltools.arm-none.win32_1.7.0.201602121829/tools/compiler/bin/../lib/gcc/arm-none-eabi/5.2.1/armv7e-m/fpu/crtbegin.o
                [!provide]                PROVIDE (__fini_array_end, .)
                0x080030a8                _sidata = LOADADDR (.data)

.data           0x20000000       0x68 load address 0x080030a8
                0x20000000                . = ALIGN (0x4)
                0x20000000                _sdata = .
 *(.data)
 .data          0x20000000        0x4 Drivers/CMSIS/system_stm32f4xx.o
                0x20000000                SystemCoreClock
 *(.data*)
 .data.impure_data
                0x20000004       0x60 c:/armtc/eclipse/plugins/fr.ac6.mcu.externaltools.arm-none.win32_1.7.0.201602121829/tools/compiler/bin/../lib/gcc/arm-none-eabi/5.2.1/../../../../arm-none-eabi/lib/armv7e-m/fpu\libc_nano.a(lib_a-impure.o)
 .data._impure_ptr
                0x20000064        0x4 c:/armtc/eclipse/plugins/fr.ac6.mcu.externaltools.arm-none.win32_1.7.0.201602121829/tools/compiler/bin/../lib/gcc/arm-none-eabi/5.2.1/../../../../arm-none-eabi/lib/armv7e-m/fpu\libc_nano.a(lib_a-impure.o)
                0x20000064                _impure_ptr
                0x20000068                . = ALIGN (0x4)
                0x20000068                _edata = .

.jcr            0x20000068        0x0 load address 0x08003110
 .jcr           0x20000068        0x0 c:/armtc/eclipse/plugins/fr.ac6.mcu.externaltools.arm-none.win32_1.7.0.201602121829/tools/compiler/bin/../lib/gcc/arm-none-eabi/5.2.1/armv7e-m/fpu/crtbegin.o

.tm_clone_table
                0x20000068        0x0 load address 0x08003110
 .tm_clone_table
                0x20000068        0x0 c:/armtc/eclipse/plugins/fr.ac6.mcu.externaltools.arm-none.win32_1.7.0.201602121829/tools/compiler/bin/../lib/gcc/arm-none-eabi/5.2.1/armv7e-m/fpu/crtbegin.o
 .tm_clone_table
                0x20000068        0x0 c:/armtc/eclipse/plugins/fr.ac6.mcu.externaltools.arm-none.win32_1.7.0.201602121829/tools/compiler/bin/../lib/gcc/arm-none-eabi/5.2.1/armv7e-m/fpu/crtend.o

.igot.plt       0x20000068        0x0 load address 0x08003110
 .igot.plt      0x20000068        0x0 c:/armtc/eclipse/plugins/fr.ac6.mcu.externaltools.arm-none.win32_1.7.0.201602121829/tools/compiler/bin/../lib/gcc/arm-none-eabi/5.2.1/armv7e-m/fpu/crtbegin.o
                0x20000068                . = ALIGN (0x4)

.bss            0x20000068      0x254 load address 0x08003110
                0x20000068                _sbss = .
                0x20000068                __bss_start__ = _sbss
 *(.bss)
 .bss           0x20000068       0x1c c:/armtc/eclipse/plugins/fr.ac6.mcu.externaltools.arm-none.win32_1.7.0.201602121829/tools/compiler/bin/../lib/gcc/arm-none-eabi/5.2.1/armv7e-m/fpu/crtbegin.o
 *(.bss*)
 .bss.__malloc_sbrk_start
                0x20000084        0x4 c:/armtc/eclipse/plugins/fr.ac6.mcu.externaltools.arm-none.win32_1.7.0.201602121829/tools/compiler/bin/../lib/gcc/arm-none-eabi/5.2.1/../../../../arm-none-eabi/lib/armv7e-m/fpu\libc_nano.a(lib_a-nano-mallocr.o)
                0x20000084                __malloc_sbrk_start
 .bss.__malloc_free_list
                0x20000088        0x4 c:/armtc/eclipse/plugins/fr.ac6.mcu.externaltools.arm-none.win32_1.7.0.201602121829/tools/compiler/bin/../lib/gcc/arm-none-eabi/5.2.1/../../../../arm-none-eabi/lib/armv7e-m/fpu\libc_nano.a(lib_a-nano-mallocr.o)
                0x20000088                __malloc_free_list
 .bss.heap_end.4169
                0x2000008c        0x4 c:/armtc/eclipse/plugins/fr.ac6.mcu.externaltools.arm-none.win32_1.7.0.201602121829/tools/compiler/bin/../lib/gcc/arm-none-eabi/5.2.1/../../../../arm-none-eabi/lib/armv7e-m/fpu\libnosys.a(sbrk.o)
 *(COMMON)
 COMMON         0x20000090       0x58 Application/User/dma.o
                0x20000090                hdma_memtomem_dma2_stream1
 COMMON         0x200000e8       0x44 Application/User/i2c.o
                0x200000e8                hi2c1
 COMMON         0x2000012c      0x108 Application/User/spi.o
                0x2000012c                hspi1
                0x20000184                hdma_spi1_rx
                0x200001dc                hdma_spi1_tx
 COMMON         0x20000234       0x80 Application/User/usart.o
                0x20000234                huart1
                0x20000274                huart2
 COMMON         0x200002b4        0x4 Drivers/STM32F4xx_HAL_Driver/stm32f4xx_hal.o
                0x200002b4                uwTick
 COMMON         0x200002b8        0x4 c:/armtc/eclipse/plugins/fr.ac6.mcu.externaltools.arm-none.win32_1.7.0.201602121829/tools/compiler/bin/../lib/gcc/arm-none-eabi/5.2.1/../../../../arm-none-eabi/lib/armv7e-m/fpu\libc_nano.a(lib_a-reent.o)
                0x200002b8                errno
                0x200002bc                . = ALIGN (0x4)
                0x200002bc                _ebss = .
                0x200002bc                __bss_end__ = _ebss

._user_heap_stack
                0x200002bc      0x604 load address 0x08003110
                0x200002c0                . = ALIGN (0x8)
 *fill*         0x200002bc        0x4 
                0x200002c0                PROVIDE (end, .)
                [!provide]                PROVIDE (_end, .)
                0x200006c0                . = (. + _Min_Heap_Size)
 *fill*         0x200002c0      0x400 
                0x200008c0                . = (. + _Min_Stack_Size)
 *fill*         0x200006c0      0x200 
                0x200008c0                . = ALIGN (0x8)

/DISCARD/
 libc.a(*)
 libm.a(*)
 libgcc.a(*)

.ARM.attributes
                0x00000000       0x30
 *(.ARM.attributes)
 .ARM.attributes
                0x00000000       0x22 c:/armtc/eclipse/plugins/fr.ac6.mcu.externaltools.arm-none.win32_1.7.0.201602121829/tools/compiler/bin/../lib/gcc/arm-none-eabi/5.2.1/armv7e-m/fpu/crti.o
 .ARM.attributes
                0x00000022       0x34 c:/armtc/eclipse/plugins/fr.ac6.mcu.externaltools.arm-none.win32_1.7.0.201602121829/tools/compiler/bin/../lib/gcc/arm-none-eabi/5.2.1/armv7e-m/fpu/crtbegin.o
 .ARM.attributes
                0x00000056       0x21 Application/SW4STM32/startup_stm32f401xe.o
 .ARM.attributes
                0x00000077       0x39 Application/User/dma.o
 .ARM.attributes
                0x000000b0       0x39 Application/User/gpio.o
 .ARM.attributes
                0x000000e9       0x39 Application/User/i2c.o
 .ARM.attributes
                0x00000122       0x39 Application/User/main.o
 .ARM.attributes
                0x0000015b       0x39 Application/User/spi.o
 .ARM.attributes
                0x00000194       0x39 Application/User/stm32f4xx_hal_msp.o
 .ARM.attributes
                0x000001cd       0x39 Application/User/stm32f4xx_it.o
 .ARM.attributes
                0x00000206       0x39 Application/User/usart.o
 .ARM.attributes
                0x0000023f       0x39 Drivers/CMSIS/system_stm32f4xx.o
 .ARM.attributes
                0x00000278       0x39 Drivers/STM32F4xx_HAL_Driver/stm32f4xx_hal.o
 .ARM.attributes
                0x000002b1       0x39 Drivers/STM32F4xx_HAL_Driver/stm32f4xx_hal_cortex.o
 .ARM.attributes
                0x000002ea       0x39 Drivers/STM32F4xx_HAL_Driver/stm32f4xx_hal_dma.o
 .ARM.attributes
                0x00000323       0x39 Drivers/STM32F4xx_HAL_Driver/stm32f4xx_hal_gpio.o
 .ARM.attributes
                0x0000035c       0x39 Drivers/STM32F4xx_HAL_Driver/stm32f4xx_hal_i2c.o
 .ARM.attributes
                0x00000395       0x39 Drivers/STM32F4xx_HAL_Driver/stm32f4xx_hal_rcc.o
 .ARM.attributes
                0x000003ce       0x39 Drivers/STM32F4xx_HAL_Driver/stm32f4xx_hal_spi.o
 .ARM.attributes
                0x00000407       0x39 Drivers/STM32F4xx_HAL_Driver/stm32f4xx_hal_uart.o
 .ARM.attributes
                0x00000440       0x34 c:/armtc/eclipse/plugins/fr.ac6.mcu.externaltools.arm-none.win32_1.7.0.201602121829/tools/compiler/bin/../lib/gcc/arm-none-eabi/5.2.1/../../../../arm-none-eabi/lib/armv7e-m/fpu\libc_nano.a(lib_a-impure.o)
 .ARM.attributes
                0x00000474       0x34 c:/armtc/eclipse/plugins/fr.ac6.mcu.externaltools.arm-none.win32_1.7.0.201602121829/tools/compiler/bin/../lib/gcc/arm-none-eabi/5.2.1/../../../../arm-none-eabi/lib/armv7e-m/fpu\libc_nano.a(lib_a-init.o)
 .ARM.attributes
                0x000004a8       0x34 c:/armtc/eclipse/plugins/fr.ac6.mcu.externaltools.arm-none.win32_1.7.0.201602121829/tools/compiler/bin/../lib/gcc/arm-none-eabi/5.2.1/../../../../arm-none-eabi/lib/armv7e-m/fpu\libc_nano.a(lib_a-memset.o)
 .ARM.attributes
                0x000004dc       0x34 c:/armtc/eclipse/plugins/fr.ac6.mcu.externaltools.arm-none.win32_1.7.0.201602121829/tools/compiler/bin/../lib/gcc/arm-none-eabi/5.2.1/../../../../arm-none-eabi/lib/armv7e-m/fpu\libc_nano.a(lib_a-printf.o)
 .ARM.attributes
                0x00000510       0x34 c:/armtc/eclipse/plugins/fr.ac6.mcu.externaltools.arm-none.win32_1.7.0.201602121829/tools/compiler/bin/../lib/gcc/arm-none-eabi/5.2.1/../../../../arm-none-eabi/lib/armv7e-m/fpu\libc_nano.a(lib_a-findfp.o)
 .ARM.attributes
                0x00000544       0x34 c:/armtc/eclipse/plugins/fr.ac6.mcu.externaltools.arm-none.win32_1.7.0.201602121829/tools/compiler/bin/../lib/gcc/arm-none-eabi/5.2.1/../../../../arm-none-eabi/lib/armv7e-m/fpu\libc_nano.a(lib_a-fwalk.o)
 .ARM.attributes
                0x00000578       0x34 c:/armtc/eclipse/plugins/fr.ac6.mcu.externaltools.arm-none.win32_1.7.0.201602121829/tools/compiler/bin/../lib/gcc/arm-none-eabi/5.2.1/../../../../arm-none-eabi/lib/armv7e-m/fpu\libc_nano.a(lib_a-nano-mallocr.o)
 .ARM.attributes
                0x000005ac       0x34 c:/armtc/eclipse/plugins/fr.ac6.mcu.externaltools.arm-none.win32_1.7.0.201602121829/tools/compiler/bin/../lib/gcc/arm-none-eabi/5.2.1/../../../../arm-none-eabi/lib/armv7e-m/fpu\libc_nano.a(lib_a-nano-vfprintf.o)
 .ARM.attributes
                0x000005e0       0x34 c:/armtc/eclipse/plugins/fr.ac6.mcu.externaltools.arm-none.win32_1.7.0.201602121829/tools/compiler/bin/../lib/gcc/arm-none-eabi/5.2.1/../../../../arm-none-eabi/lib/armv7e-m/fpu\libc_nano.a(lib_a-nano-vfprintf_i.o)
 .ARM.attributes
                0x00000614       0x34 c:/armtc/eclipse/plugins/fr.ac6.mcu.externaltools.arm-none.win32_1.7.0.201602121829/tools/compiler/bin/../lib/gcc/arm-none-eabi/5.2.1/../../../../arm-none-eabi/lib/armv7e-m/fpu\libc_nano.a(lib_a-sbrkr.o)
 .ARM.attributes
                0x00000648       0x34 c:/armtc/eclipse/plugins/fr.ac6.mcu.externaltools.arm-none.win32_1.7.0.201602121829/tools/compiler/bin/../lib/gcc/arm-none-eabi/5.2.1/../../../../arm-none-eabi/lib/armv7e-m/fpu\libc_nano.a(lib_a-stdio.o)
 .ARM.attributes
                0x0000067c       0x34 c:/armtc/eclipse/plugins/fr.ac6.mcu.externaltools.arm-none.win32_1.7.0.201602121829/tools/compiler/bin/../lib/gcc/arm-none-eabi/5.2.1/../../../../arm-none-eabi/lib/armv7e-m/fpu\libc_nano.a(lib_a-wbuf.o)
 .ARM.attributes
                0x000006b0       0x34 c:/armtc/eclipse/plugins/fr.ac6.mcu.externaltools.arm-none.win32_1.7.0.201602121829/tools/compiler/bin/../lib/gcc/arm-none-eabi/5.2.1/../../../../arm-none-eabi/lib/armv7e-m/fpu\libc_nano.a(lib_a-writer.o)
 .ARM.attributes
                0x000006e4       0x34 c:/armtc/eclipse/plugins/fr.ac6.mcu.externaltools.arm-none.win32_1.7.0.201602121829/tools/compiler/bin/../lib/gcc/arm-none-eabi/5.2.1/../../../../arm-none-eabi/lib/armv7e-m/fpu\libc_nano.a(lib_a-wsetup.o)
 .ARM.attributes
                0x00000718       0x34 c:/armtc/eclipse/plugins/fr.ac6.mcu.externaltools.arm-none.win32_1.7.0.201602121829/tools/compiler/bin/../lib/gcc/arm-none-eabi/5.2.1/../../../../arm-none-eabi/lib/armv7e-m/fpu\libc_nano.a(lib_a-closer.o)
 .ARM.attributes
                0x0000074c       0x34 c:/armtc/eclipse/plugins/fr.ac6.mcu.externaltools.arm-none.win32_1.7.0.201602121829/tools/compiler/bin/../lib/gcc/arm-none-eabi/5.2.1/../../../../arm-none-eabi/lib/armv7e-m/fpu\libc_nano.a(lib_a-fflush.o)
 .ARM.attributes
                0x00000780       0x34 c:/armtc/eclipse/plugins/fr.ac6.mcu.externaltools.arm-none.win32_1.7.0.201602121829/tools/compiler/bin/../lib/gcc/arm-none-eabi/5.2.1/../../../../arm-none-eabi/lib/armv7e-m/fpu\libc_nano.a(lib_a-lseekr.o)
 .ARM.attributes
                0x000007b4       0x34 c:/armtc/eclipse/plugins/fr.ac6.mcu.externaltools.arm-none.win32_1.7.0.201602121829/tools/compiler/bin/../lib/gcc/arm-none-eabi/5.2.1/../../../../arm-none-eabi/lib/armv7e-m/fpu\libc_nano.a(lib_a-makebuf.o)
 .ARM.attributes
                0x000007e8       0x20 c:/armtc/eclipse/plugins/fr.ac6.mcu.externaltools.arm-none.win32_1.7.0.201602121829/tools/compiler/bin/../lib/gcc/arm-none-eabi/5.2.1/../../../../arm-none-eabi/lib/armv7e-m/fpu\libc_nano.a(lib_a-memchr.o)
 .ARM.attributes
                0x00000808       0x34 c:/armtc/eclipse/plugins/fr.ac6.mcu.externaltools.arm-none.win32_1.7.0.201602121829/tools/compiler/bin/../lib/gcc/arm-none-eabi/5.2.1/../../../../arm-none-eabi/lib/armv7e-m/fpu\libc_nano.a(lib_a-nano-freer.o)
 .ARM.attributes
                0x0000083c       0x34 c:/armtc/eclipse/plugins/fr.ac6.mcu.externaltools.arm-none.win32_1.7.0.201602121829/tools/compiler/bin/../lib/gcc/arm-none-eabi/5.2.1/../../../../arm-none-eabi/lib/armv7e-m/fpu\libc_nano.a(lib_a-readr.o)
 .ARM.attributes
                0x00000870       0x34 c:/armtc/eclipse/plugins/fr.ac6.mcu.externaltools.arm-none.win32_1.7.0.201602121829/tools/compiler/bin/../lib/gcc/arm-none-eabi/5.2.1/../../../../arm-none-eabi/lib/armv7e-m/fpu\libc_nano.a(lib_a-reent.o)
 .ARM.attributes
                0x000008a4       0x34 c:/armtc/eclipse/plugins/fr.ac6.mcu.externaltools.arm-none.win32_1.7.0.201602121829/tools/compiler/bin/../lib/gcc/arm-none-eabi/5.2.1/../../../../arm-none-eabi/lib/armv7e-m/fpu\libc_nano.a(lib_a-fstatr.o)
 .ARM.attributes
                0x000008d8       0x34 c:/armtc/eclipse/plugins/fr.ac6.mcu.externaltools.arm-none.win32_1.7.0.201602121829/tools/compiler/bin/../lib/gcc/arm-none-eabi/5.2.1/../../../../arm-none-eabi/lib/armv7e-m/fpu\libc_nano.a(lib_a-isattyr.o)
 .ARM.attributes
                0x0000090c       0x34 c:/armtc/eclipse/plugins/fr.ac6.mcu.externaltools.arm-none.win32_1.7.0.201602121829/tools/compiler/bin/../lib/gcc/arm-none-eabi/5.2.1/../../../../arm-none-eabi/lib/armv7e-m/fpu\libnosys.a(close.o)
 .ARM.attributes
                0x00000940       0x34 c:/armtc/eclipse/plugins/fr.ac6.mcu.externaltools.arm-none.win32_1.7.0.201602121829/tools/compiler/bin/../lib/gcc/arm-none-eabi/5.2.1/../../../../arm-none-eabi/lib/armv7e-m/fpu\libnosys.a(fstat.o)
 .ARM.attributes
                0x00000974       0x34 c:/armtc/eclipse/plugins/fr.ac6.mcu.externaltools.arm-none.win32_1.7.0.201602121829/tools/compiler/bin/../lib/gcc/arm-none-eabi/5.2.1/../../../../arm-none-eabi/lib/armv7e-m/fpu\libnosys.a(isatty.o)
 .ARM.attributes
                0x000009a8       0x34 c:/armtc/eclipse/plugins/fr.ac6.mcu.externaltools.arm-none.win32_1.7.0.201602121829/tools/compiler/bin/../lib/gcc/arm-none-eabi/5.2.1/../../../../arm-none-eabi/lib/armv7e-m/fpu\libnosys.a(lseek.o)
 .ARM.attributes
                0x000009dc       0x34 c:/armtc/eclipse/plugins/fr.ac6.mcu.externaltools.arm-none.win32_1.7.0.201602121829/tools/compiler/bin/../lib/gcc/arm-none-eabi/5.2.1/../../../../arm-none-eabi/lib/armv7e-m/fpu\libnosys.a(read.o)
 .ARM.attributes
                0x00000a10       0x34 c:/armtc/eclipse/plugins/fr.ac6.mcu.externaltools.arm-none.win32_1.7.0.201602121829/tools/compiler/bin/../lib/gcc/arm-none-eabi/5.2.1/../../../../arm-none-eabi/lib/armv7e-m/fpu\libnosys.a(sbrk.o)
 .ARM.attributes
                0x00000a44       0x34 c:/armtc/eclipse/plugins/fr.ac6.mcu.externaltools.arm-none.win32_1.7.0.201602121829/tools/compiler/bin/../lib/gcc/arm-none-eabi/5.2.1/../../../../arm-none-eabi/lib/armv7e-m/fpu\libnosys.a(write.o)
 .ARM.attributes
                0x00000a78       0x34 c:/armtc/eclipse/plugins/fr.ac6.mcu.externaltools.arm-none.win32_1.7.0.201602121829/tools/compiler/bin/../lib/gcc/arm-none-eabi/5.2.1/armv7e-m/fpu/crtend.o
 .ARM.attributes
                0x00000aac       0x22 c:/armtc/eclipse/plugins/fr.ac6.mcu.externaltools.arm-none.win32_1.7.0.201602121829/tools/compiler/bin/../lib/gcc/arm-none-eabi/5.2.1/armv7e-m/fpu/crtn.o
OUTPUT(Psyphas.elf elf32-littlearm)

.debug_line     0x00000000     0xae92
 .debug_line    0x00000000       0xcc Application/SW4STM32/startup_stm32f401xe.o
 .debug_line    0x000000cc      0x77d Application/User/dma.o
 .debug_line    0x00000849      0x76f Application/User/gpio.o
 .debug_line    0x00000fb8      0x7a5 Application/User/i2c.o
 .debug_line    0x0000175d      0x8f4 Application/User/main.o
 .debug_line    0x00002051      0x80c Application/User/spi.o
 .debug_line    0x0000285d      0x765 Application/User/stm32f4xx_hal_msp.o
 .debug_line    0x00002fc2      0x7c6 Application/User/stm32f4xx_it.o
 .debug_line    0x00003788      0x7d4 Application/User/usart.o
 .debug_line    0x00003f5c      0x7c3 Drivers/CMSIS/system_stm32f4xx.o
 .debug_line    0x0000471f      0x8f2 Drivers/STM32F4xx_HAL_Driver/stm32f4xx_hal.o
 .debug_line    0x00005011      0x967 Drivers/STM32F4xx_HAL_Driver/stm32f4xx_hal_cortex.o
 .debug_line    0x00005978      0x9ce Drivers/STM32F4xx_HAL_Driver/stm32f4xx_hal_dma.o
 .debug_line    0x00006346      0x91c Drivers/STM32F4xx_HAL_Driver/stm32f4xx_hal_gpio.o
 .debug_line    0x00006c62     0x19c1 Drivers/STM32F4xx_HAL_Driver/stm32f4xx_hal_i2c.o
 .debug_line    0x00008623      0xa77 Drivers/STM32F4xx_HAL_Driver/stm32f4xx_hal_rcc.o
 .debug_line    0x0000909a      0xfd4 Drivers/STM32F4xx_HAL_Driver/stm32f4xx_hal_spi.o
 .debug_line    0x0000a06e      0xe24 Drivers/STM32F4xx_HAL_Driver/stm32f4xx_hal_uart.o

.debug_info     0x00000000     0xdd68
 .debug_info    0x00000000       0xcb Application/SW4STM32/startup_stm32f401xe.o
 .debug_info    0x000000cb      0x75a Application/User/dma.o
 .debug_info    0x00000825      0x418 Application/User/gpio.o
 .debug_info    0x00000c3d      0x930 Application/User/i2c.o
 .debug_info    0x0000156d     0x1822 Application/User/main.o
 .debug_info    0x00002d8f      0xbcf Application/User/spi.o
 .debug_info    0x0000395e      0x2aa Application/User/stm32f4xx_hal_msp.o
 .debug_info    0x00003c08      0x6c3 Application/User/stm32f4xx_it.o
 .debug_info    0x000042cb      0x90d Application/User/usart.o
 .debug_info    0x00004bd8      0x4b0 Drivers/CMSIS/system_stm32f4xx.o
 .debug_info    0x00005088      0x84e Drivers/STM32F4xx_HAL_Driver/stm32f4xx_hal.o
 .debug_info    0x000058d6      0xdd4 Drivers/STM32F4xx_HAL_Driver/stm32f4xx_hal_cortex.o
 .debug_info    0x000066aa      0x804 Drivers/STM32F4xx_HAL_Driver/stm32f4xx_hal_dma.o
 .debug_info    0x00006eae      0x721 Drivers/STM32F4xx_HAL_Driver/stm32f4xx_hal_gpio.o
 .debug_info    0x000075cf     0x30ae Drivers/STM32F4xx_HAL_Driver/stm32f4xx_hal_i2c.o
 .debug_info    0x0000a67d      0xc9b Drivers/STM32F4xx_HAL_Driver/stm32f4xx_hal_rcc.o
 .debug_info    0x0000b318     0x195c Drivers/STM32F4xx_HAL_Driver/stm32f4xx_hal_spi.o
 .debug_info    0x0000cc74     0x10f4 Drivers/STM32F4xx_HAL_Driver/stm32f4xx_hal_uart.o

.debug_abbrev   0x00000000     0x23b1
 .debug_abbrev  0x00000000       0x12 Application/SW4STM32/startup_stm32f401xe.o
 .debug_abbrev  0x00000012      0x18f Application/User/dma.o
 .debug_abbrev  0x000001a1      0x12c Application/User/gpio.o
 .debug_abbrev  0x000002cd      0x1a9 Application/User/i2c.o
 .debug_abbrev  0x00000476      0x2e2 Application/User/main.o
 .debug_abbrev  0x00000758      0x1c8 Application/User/spi.o
 .debug_abbrev  0x00000920       0xc5 Application/User/stm32f4xx_hal_msp.o
 .debug_abbrev  0x000009e5      0x162 Application/User/stm32f4xx_it.o
 .debug_abbrev  0x00000b47      0x1b2 Application/User/usart.o
 .debug_abbrev  0x00000cf9      0x104 Drivers/CMSIS/system_stm32f4xx.o
 .debug_abbrev  0x00000dfd      0x261 Drivers/STM32F4xx_HAL_Driver/stm32f4xx_hal.o
 .debug_abbrev  0x0000105e      0x332 Drivers/STM32F4xx_HAL_Driver/stm32f4xx_hal_cortex.o
 .debug_abbrev  0x00001390      0x23b Drivers/STM32F4xx_HAL_Driver/stm32f4xx_hal_dma.o
 .debug_abbrev  0x000015cb      0x1cb Drivers/STM32F4xx_HAL_Driver/stm32f4xx_hal_gpio.o
 .debug_abbrev  0x00001796      0x31a Drivers/STM32F4xx_HAL_Driver/stm32f4xx_hal_i2c.o
 .debug_abbrev  0x00001ab0      0x2ff Drivers/STM32F4xx_HAL_Driver/stm32f4xx_hal_rcc.o
 .debug_abbrev  0x00001daf      0x332 Drivers/STM32F4xx_HAL_Driver/stm32f4xx_hal_spi.o
 .debug_abbrev  0x000020e1      0x2d0 Drivers/STM32F4xx_HAL_Driver/stm32f4xx_hal_uart.o

.debug_aranges  0x00000000      0x8b8
 .debug_aranges
                0x00000000       0x28 Application/SW4STM32/startup_stm32f401xe.o
 .debug_aranges
                0x00000028       0x20 Application/User/dma.o
 .debug_aranges
                0x00000048       0x20 Application/User/gpio.o
 .debug_aranges
                0x00000068       0x30 Application/User/i2c.o
 .debug_aranges
                0x00000098       0x68 Application/User/main.o
 .debug_aranges
                0x00000100       0x30 Application/User/spi.o
 .debug_aranges
                0x00000130       0x20 Application/User/stm32f4xx_hal_msp.o
 .debug_aranges
                0x00000150       0x48 Application/User/stm32f4xx_it.o
 .debug_aranges
                0x00000198       0x38 Application/User/usart.o
 .debug_aranges
                0x000001d0       0x28 Drivers/CMSIS/system_stm32f4xx.o
 .debug_aranges
                0x000001f8       0xb8 Drivers/STM32F4xx_HAL_Driver/stm32f4xx_hal.o
 .debug_aranges
                0x000002b0       0x98 Drivers/STM32F4xx_HAL_Driver/stm32f4xx_hal_cortex.o
 .debug_aranges
                0x00000348       0x68 Drivers/STM32F4xx_HAL_Driver/stm32f4xx_hal_dma.o
 .debug_aranges
                0x000003b0       0x58 Drivers/STM32F4xx_HAL_Driver/stm32f4xx_hal_gpio.o
 .debug_aranges
                0x00000408      0x1b8 Drivers/STM32F4xx_HAL_Driver/stm32f4xx_hal_i2c.o
 .debug_aranges
                0x000005c0       0x80 Drivers/STM32F4xx_HAL_Driver/stm32f4xx_hal_rcc.o
 .debug_aranges
                0x00000640      0x170 Drivers/STM32F4xx_HAL_Driver/stm32f4xx_hal_spi.o
 .debug_aranges
                0x000007b0      0x108 Drivers/STM32F4xx_HAL_Driver/stm32f4xx_hal_uart.o

.debug_ranges   0x00000000      0xaa0
 .debug_ranges  0x00000000       0x20 Application/SW4STM32/startup_stm32f401xe.o
 .debug_ranges  0x00000020       0x30 Application/User/dma.o
 .debug_ranges  0x00000050       0x40 Application/User/gpio.o
 .debug_ranges  0x00000090       0x20 Application/User/i2c.o
 .debug_ranges  0x000000b0       0x90 Application/User/main.o
 .debug_ranges  0x00000140       0x38 Application/User/spi.o
 .debug_ranges  0x00000178       0x10 Application/User/stm32f4xx_hal_msp.o
 .debug_ranges  0x00000188       0x38 Application/User/stm32f4xx_it.o
 .debug_ranges  0x000001c0       0x40 Application/User/usart.o
 .debug_ranges  0x00000200       0x18 Drivers/CMSIS/system_stm32f4xx.o
 .debug_ranges  0x00000218       0xa8 Drivers/STM32F4xx_HAL_Driver/stm32f4xx_hal.o
 .debug_ranges  0x000002c0      0x148 Drivers/STM32F4xx_HAL_Driver/stm32f4xx_hal_cortex.o
 .debug_ranges  0x00000408       0x58 Drivers/STM32F4xx_HAL_Driver/stm32f4xx_hal_dma.o
 .debug_ranges  0x00000460       0x70 Drivers/STM32F4xx_HAL_Driver/stm32f4xx_hal_gpio.o
 .debug_ranges  0x000004d0      0x1f8 Drivers/STM32F4xx_HAL_Driver/stm32f4xx_hal_i2c.o
 .debug_ranges  0x000006c8      0x150 Drivers/STM32F4xx_HAL_Driver/stm32f4xx_hal_rcc.o
 .debug_ranges  0x00000818      0x190 Drivers/STM32F4xx_HAL_Driver/stm32f4xx_hal_spi.o
 .debug_ranges  0x000009a8       0xf8 Drivers/STM32F4xx_HAL_Driver/stm32f4xx_hal_uart.o

.debug_macro    0x00000000    0x103d6
 .debug_macro   0x00000000      0x2f2 Application/User/dma.o
 .debug_macro   0x000002f2      0x89e Application/User/dma.o
 .debug_macro   0x00000b90       0x4c Application/User/dma.o
 .debug_macro   0x00000bdc      0x1b6 Application/User/dma.o
 .debug_macro   0x00000d92       0x2e Application/User/dma.o
 .debug_macro   0x00000dc0       0x28 Application/User/dma.o
 .debug_macro   0x00000de8       0x22 Application/User/dma.o
 .debug_macro   0x00000e0a       0x44 Application/User/dma.o
 .debug_macro   0x00000e4e       0xfd Application/User/dma.o
 .debug_macro   0x00000f4b       0x22 Application/User/dma.o
 .debug_macro   0x00000f6d      0x1df Application/User/dma.o
 .debug_macro   0x0000114c       0x35 Application/User/dma.o
 .debug_macro   0x00001181       0x50 Application/User/dma.o
 .debug_macro   0x000011d1      0xe66 Application/User/dma.o
 .debug_macro   0x00002037     0x503e Application/User/dma.o
 .debug_macro   0x00007075       0x43 Application/User/dma.o
 .debug_macro   0x000070b8     0x33a6 Application/User/dma.o
 .debug_macro   0x0000a45e       0x58 Application/User/dma.o
 .debug_macro   0x0000a4b6       0x35 Application/User/dma.o
 .debug_macro   0x0000a4eb       0x9c Application/User/dma.o
 .debug_macro   0x0000a587       0x16 Application/User/dma.o
 .debug_macro   0x0000a59d       0x97 Application/User/dma.o
 .debug_macro   0x0000a634      0x329 Application/User/dma.o
 .debug_macro   0x0000a95d       0xfd Application/User/dma.o
 .debug_macro   0x0000aa5a       0x10 Application/User/dma.o
 .debug_macro   0x0000aa6a       0x52 Application/User/dma.o
 .debug_macro   0x0000aabc       0x16 Application/User/dma.o
 .debug_macro   0x0000aad2       0x43 Application/User/dma.o
 .debug_macro   0x0000ab15      0x187 Application/User/dma.o
 .debug_macro   0x0000ac9c       0x10 Application/User/dma.o
 .debug_macro   0x0000acac       0x22 Application/User/dma.o
 .debug_macro   0x0000acce       0x3a Application/User/dma.o
 .debug_macro   0x0000ad08       0x10 Application/User/dma.o
 .debug_macro   0x0000ad18       0x40 Application/User/dma.o
 .debug_macro   0x0000ad58       0x65 Application/User/dma.o
 .debug_macro   0x0000adbd       0x16 Application/User/dma.o
 .debug_macro   0x0000add3      0x197 Application/User/dma.o
 .debug_macro   0x0000af6a       0x50 Application/User/dma.o
 .debug_macro   0x0000afba      0x408 Application/User/dma.o
 .debug_macro   0x0000b3c2      0x9da Application/User/dma.o
 .debug_macro   0x0000bd9c      0x11e Application/User/dma.o
 .debug_macro   0x0000beba       0xf8 Application/User/dma.o
 .debug_macro   0x0000bfb2       0x27 Application/User/dma.o
 .debug_macro   0x0000bfd9      0x272 Application/User/dma.o
 .debug_macro   0x0000c24b       0x5f Application/User/dma.o
 .debug_macro   0x0000c2aa      0x23a Application/User/dma.o
 .debug_macro   0x0000c4e4      0x13a Application/User/dma.o
 .debug_macro   0x0000c61e      0x264 Application/User/dma.o
 .debug_macro   0x0000c882       0x2e Application/User/dma.o
 .debug_macro   0x0000c8b0      0x1a7 Application/User/dma.o
 .debug_macro   0x0000ca57       0x22 Application/User/dma.o
 .debug_macro   0x0000ca79       0xa5 Application/User/dma.o
 .debug_macro   0x0000cb1e      0x11e Application/User/dma.o
 .debug_macro   0x0000cc3c       0x85 Application/User/dma.o
 .debug_macro   0x0000ccc1       0x89 Application/User/dma.o
 .debug_macro   0x0000cd4a      0x202 Application/User/dma.o
 .debug_macro   0x0000cf4c      0x287 Application/User/dma.o
 .debug_macro   0x0000d1d3      0x11e Application/User/dma.o
 .debug_macro   0x0000d2f1      0x2f2 Application/User/gpio.o
 .debug_macro   0x0000d5e3      0x2fc Application/User/i2c.o
 .debug_macro   0x0000d8df      0x3e6 Application/User/main.o
 .debug_macro   0x0000dcc5      0x306 Application/User/spi.o
 .debug_macro   0x0000dfcb      0x2e8 Application/User/stm32f4xx_hal_msp.o
 .debug_macro   0x0000e2b3      0x2f2 Application/User/stm32f4xx_it.o
 .debug_macro   0x0000e5a5      0x2fc Application/User/usart.o
 .debug_macro   0x0000e8a1      0x2ee Drivers/CMSIS/system_stm32f4xx.o
 .debug_macro   0x0000eb8f      0x336 Drivers/STM32F4xx_HAL_Driver/stm32f4xx_hal.o
 .debug_macro   0x0000eec5      0x2e8 Drivers/STM32F4xx_HAL_Driver/stm32f4xx_hal_cortex.o
 .debug_macro   0x0000f1ad      0x2ef Drivers/STM32F4xx_HAL_Driver/stm32f4xx_hal_dma.o
 .debug_macro   0x0000f49c      0x320 Drivers/STM32F4xx_HAL_Driver/stm32f4xx_hal_gpio.o
 .debug_macro   0x0000f7bc      0x32f Drivers/STM32F4xx_HAL_Driver/stm32f4xx_hal_i2c.o
 .debug_macro   0x0000faeb      0x312 Drivers/STM32F4xx_HAL_Driver/stm32f4xx_hal_rcc.o
 .debug_macro   0x0000fdfd      0x2f0 Drivers/STM32F4xx_HAL_Driver/stm32f4xx_hal_spi.o
 .debug_macro   0x000100ed      0x2e9 Drivers/STM32F4xx_HAL_Driver/stm32f4xx_hal_uart.o

.debug_str      0x00000000    0x5d51c
 .debug_str     0x00000000    0x5a6ce Application/User/dma.o
                              0x5a9c6 (size before relaxing)
 .debug_str     0x0005a6ce       0xbe Application/User/gpio.o
                              0x5a3cf (size before relaxing)
 .debug_str     0x0005a78c      0x2c6 Application/User/i2c.o
                              0x5a91f (size before relaxing)
 .debug_str     0x0005aa52      0x947 Application/User/main.o
                              0x5b58e (size before relaxing)
 .debug_str     0x0005b399       0x97 Application/User/spi.o
                              0x5acaa (size before relaxing)
 .debug_str     0x0005b430       0x62 Application/User/stm32f4xx_hal_msp.o
                              0x5a5fd (size before relaxing)
 .debug_str     0x0005b492      0x11a Application/User/stm32f4xx_it.o
                              0x5a7ea (size before relaxing)
 .debug_str     0x0005b5ac       0x6c Application/User/usart.o
                              0x5a8a1 (size before relaxing)
 .debug_str     0x0005b618      0x11c Drivers/CMSIS/system_stm32f4xx.o
                              0x5a432 (size before relaxing)
 .debug_str     0x0005b734      0x486 Drivers/STM32F4xx_HAL_Driver/stm32f4xx_hal.o
                              0x5ac96 (size before relaxing)
 .debug_str     0x0005bbba      0x30a Drivers/STM32F4xx_HAL_Driver/stm32f4xx_hal_cortex.o
                              0x5aafd (size before relaxing)
 .debug_str     0x0005bec4      0x1c2 Drivers/STM32F4xx_HAL_Driver/stm32f4xx_hal_dma.o
                              0x5a706 (size before relaxing)
 .debug_str     0x0005c086      0x283 Drivers/STM32F4xx_HAL_Driver/stm32f4xx_hal_gpio.o
                              0x5a689 (size before relaxing)
 .debug_str     0x0005c309      0x971 Drivers/STM32F4xx_HAL_Driver/stm32f4xx_hal_i2c.o
                              0x5b159 (size before relaxing)
 .debug_str     0x0005cc7a      0x210 Drivers/STM32F4xx_HAL_Driver/stm32f4xx_hal_rcc.o
                              0x5a818 (size before relaxing)
 .debug_str     0x0005ce8a      0x3af Drivers/STM32F4xx_HAL_Driver/stm32f4xx_hal_spi.o
                              0x5ab48 (size before relaxing)
 .debug_str     0x0005d239      0x2e3 Drivers/STM32F4xx_HAL_Driver/stm32f4xx_hal_uart.o
                              0x5aa77 (size before relaxing)

.comment        0x00000000       0x6e
 .comment       0x00000000       0x6e Application/User/dma.o
                                 0x6f (size before relaxing)
 .comment       0x0000006e       0x6f Application/User/gpio.o
 .comment       0x0000006e       0x6f Application/User/i2c.o
 .comment       0x0000006e       0x6f Application/User/main.o
 .comment       0x0000006e       0x6f Application/User/spi.o
 .comment       0x0000006e       0x6f Application/User/stm32f4xx_hal_msp.o
 .comment       0x0000006e       0x6f Application/User/stm32f4xx_it.o
 .comment       0x0000006e       0x6f Application/User/usart.o
 .comment       0x0000006e       0x6f Drivers/CMSIS/system_stm32f4xx.o
 .comment       0x0000006e       0x6f Drivers/STM32F4xx_HAL_Driver/stm32f4xx_hal.o
 .comment       0x0000006e       0x6f Drivers/STM32F4xx_HAL_Driver/stm32f4xx_hal_cortex.o
 .comment       0x0000006e       0x6f Drivers/STM32F4xx_HAL_Driver/stm32f4xx_hal_dma.o
 .comment       0x0000006e       0x6f Drivers/STM32F4xx_HAL_Driver/stm32f4xx_hal_gpio.o
 .comment       0x0000006e       0x6f Drivers/STM32F4xx_HAL_Driver/stm32f4xx_hal_i2c.o
 .comment       0x0000006e       0x6f Drivers/STM32F4xx_HAL_Driver/stm32f4xx_hal_rcc.o
 .comment       0x0000006e       0x6f Drivers/STM32F4xx_HAL_Driver/stm32f4xx_hal_spi.o
 .comment       0x0000006e       0x6f Drivers/STM32F4xx_HAL_Driver/stm32f4xx_hal_uart.o

.debug_frame    0x00000000     0x1fc8
 .debug_frame   0x00000000       0x2c Application/User/dma.o
 .debug_frame   0x0000002c       0x2c Application/User/gpio.o
 .debug_frame   0x00000058       0x48 Application/User/i2c.o
 .debug_frame   0x000000a0      0x138 Application/User/main.o
 .debug_frame   0x000001d8       0x6c Application/User/spi.o
 .debug_frame   0x00000244       0x2c Application/User/stm32f4xx_hal_msp.o
 .debug_frame   0x00000270       0x7c Application/User/stm32f4xx_it.o
 .debug_frame   0x000002ec       0x5c Application/User/usart.o
 .debug_frame   0x00000348       0x30 Drivers/CMSIS/system_stm32f4xx.o
 .debug_frame   0x00000378      0x184 Drivers/STM32F4xx_HAL_Driver/stm32f4xx_hal.o
 .debug_frame   0x000004fc      0x130 Drivers/STM32F4xx_HAL_Driver/stm32f4xx_hal_cortex.o
 .debug_frame   0x0000062c      0x120 Drivers/STM32F4xx_HAL_Driver/stm32f4xx_hal_dma.o
 .debug_frame   0x0000074c       0xd4 Drivers/STM32F4xx_HAL_Driver/stm32f4xx_hal_gpio.o
 .debug_frame   0x00000820      0x6dc Drivers/STM32F4xx_HAL_Driver/stm32f4xx_hal_i2c.o
 .debug_frame   0x00000efc      0x150 Drivers/STM32F4xx_HAL_Driver/stm32f4xx_hal_rcc.o
 .debug_frame   0x0000104c      0x4d0 Drivers/STM32F4xx_HAL_Driver/stm32f4xx_hal_spi.o
 .debug_frame   0x0000151c      0x318 Drivers/STM32F4xx_HAL_Driver/stm32f4xx_hal_uart.o
 .debug_frame   0x00001834       0x2c c:/armtc/eclipse/plugins/fr.ac6.mcu.externaltools.arm-none.win32_1.7.0.201602121829/tools/compiler/bin/../lib/gcc/arm-none-eabi/5.2.1/../../../../arm-none-eabi/lib/armv7e-m/fpu\libc_nano.a(lib_a-init.o)
 .debug_frame   0x00001860       0x20 c:/armtc/eclipse/plugins/fr.ac6.mcu.externaltools.arm-none.win32_1.7.0.201602121829/tools/compiler/bin/../lib/gcc/arm-none-eabi/5.2.1/../../../../arm-none-eabi/lib/armv7e-m/fpu\libc_nano.a(lib_a-memset.o)
 .debug_frame   0x00001880       0x74 c:/armtc/eclipse/plugins/fr.ac6.mcu.externaltools.arm-none.win32_1.7.0.201602121829/tools/compiler/bin/../lib/gcc/arm-none-eabi/5.2.1/../../../../arm-none-eabi/lib/armv7e-m/fpu\libc_nano.a(lib_a-printf.o)
 .debug_frame   0x000018f4      0x11c c:/armtc/eclipse/plugins/fr.ac6.mcu.externaltools.arm-none.win32_1.7.0.201602121829/tools/compiler/bin/../lib/gcc/arm-none-eabi/5.2.1/../../../../arm-none-eabi/lib/armv7e-m/fpu\libc_nano.a(lib_a-findfp.o)
 .debug_frame   0x00001a10       0x54 c:/armtc/eclipse/plugins/fr.ac6.mcu.externaltools.arm-none.win32_1.7.0.201602121829/tools/compiler/bin/../lib/gcc/arm-none-eabi/5.2.1/../../../../arm-none-eabi/lib/armv7e-m/fpu\libc_nano.a(lib_a-fwalk.o)
 .debug_frame   0x00001a64       0x2c c:/armtc/eclipse/plugins/fr.ac6.mcu.externaltools.arm-none.win32_1.7.0.201602121829/tools/compiler/bin/../lib/gcc/arm-none-eabi/5.2.1/../../../../arm-none-eabi/lib/armv7e-m/fpu\libc_nano.a(lib_a-nano-mallocr.o)
 .debug_frame   0x00001a90       0xac c:/armtc/eclipse/plugins/fr.ac6.mcu.externaltools.arm-none.win32_1.7.0.201602121829/tools/compiler/bin/../lib/gcc/arm-none-eabi/5.2.1/../../../../arm-none-eabi/lib/armv7e-m/fpu\libc_nano.a(lib_a-nano-vfprintf.o)
 .debug_frame   0x00001b3c       0x60 c:/armtc/eclipse/plugins/fr.ac6.mcu.externaltools.arm-none.win32_1.7.0.201602121829/tools/compiler/bin/../lib/gcc/arm-none-eabi/5.2.1/../../../../arm-none-eabi/lib/armv7e-m/fpu\libc_nano.a(lib_a-nano-vfprintf_i.o)
 .debug_frame   0x00001b9c       0x2c c:/armtc/eclipse/plugins/fr.ac6.mcu.externaltools.arm-none.win32_1.7.0.201602121829/tools/compiler/bin/../lib/gcc/arm-none-eabi/5.2.1/../../../../arm-none-eabi/lib/armv7e-m/fpu\libc_nano.a(lib_a-sbrkr.o)
 .debug_frame   0x00001bc8       0x88 c:/armtc/eclipse/plugins/fr.ac6.mcu.externaltools.arm-none.win32_1.7.0.201602121829/tools/compiler/bin/../lib/gcc/arm-none-eabi/5.2.1/../../../../arm-none-eabi/lib/armv7e-m/fpu\libc_nano.a(lib_a-stdio.o)
 .debug_frame   0x00001c50       0x40 c:/armtc/eclipse/plugins/fr.ac6.mcu.externaltools.arm-none.win32_1.7.0.201602121829/tools/compiler/bin/../lib/gcc/arm-none-eabi/5.2.1/../../../../arm-none-eabi/lib/armv7e-m/fpu\libc_nano.a(lib_a-wbuf.o)
 .debug_frame   0x00001c90       0x2c c:/armtc/eclipse/plugins/fr.ac6.mcu.externaltools.arm-none.win32_1.7.0.201602121829/tools/compiler/bin/../lib/gcc/arm-none-eabi/5.2.1/../../../../arm-none-eabi/lib/armv7e-m/fpu\libc_nano.a(lib_a-writer.o)
 .debug_frame   0x00001cbc       0x2c c:/armtc/eclipse/plugins/fr.ac6.mcu.externaltools.arm-none.win32_1.7.0.201602121829/tools/compiler/bin/../lib/gcc/arm-none-eabi/5.2.1/../../../../arm-none-eabi/lib/armv7e-m/fpu\libc_nano.a(lib_a-wsetup.o)
 .debug_frame   0x00001ce8       0x2c c:/armtc/eclipse/plugins/fr.ac6.mcu.externaltools.arm-none.win32_1.7.0.201602121829/tools/compiler/bin/../lib/gcc/arm-none-eabi/5.2.1/../../../../arm-none-eabi/lib/armv7e-m/fpu\libc_nano.a(lib_a-closer.o)
 .debug_frame   0x00001d14       0x68 c:/armtc/eclipse/plugins/fr.ac6.mcu.externaltools.arm-none.win32_1.7.0.201602121829/tools/compiler/bin/../lib/gcc/arm-none-eabi/5.2.1/../../../../arm-none-eabi/lib/armv7e-m/fpu\libc_nano.a(lib_a-fflush.o)
 .debug_frame   0x00001d7c       0x2c c:/armtc/eclipse/plugins/fr.ac6.mcu.externaltools.arm-none.win32_1.7.0.201602121829/tools/compiler/bin/../lib/gcc/arm-none-eabi/5.2.1/../../../../arm-none-eabi/lib/armv7e-m/fpu\libc_nano.a(lib_a-lseekr.o)
 .debug_frame   0x00001da8       0x34 c:/armtc/eclipse/plugins/fr.ac6.mcu.externaltools.arm-none.win32_1.7.0.201602121829/tools/compiler/bin/../lib/gcc/arm-none-eabi/5.2.1/../../../../arm-none-eabi/lib/armv7e-m/fpu\libc_nano.a(lib_a-makebuf.o)
 .debug_frame   0x00001ddc       0x2c c:/armtc/eclipse/plugins/fr.ac6.mcu.externaltools.arm-none.win32_1.7.0.201602121829/tools/compiler/bin/../lib/gcc/arm-none-eabi/5.2.1/../../../../arm-none-eabi/lib/armv7e-m/fpu\libc_nano.a(lib_a-nano-freer.o)
 .debug_frame   0x00001e08       0x2c c:/armtc/eclipse/plugins/fr.ac6.mcu.externaltools.arm-none.win32_1.7.0.201602121829/tools/compiler/bin/../lib/gcc/arm-none-eabi/5.2.1/../../../../arm-none-eabi/lib/armv7e-m/fpu\libc_nano.a(lib_a-readr.o)
 .debug_frame   0x00001e34       0x5c c:/armtc/eclipse/plugins/fr.ac6.mcu.externaltools.arm-none.win32_1.7.0.201602121829/tools/compiler/bin/../lib/gcc/arm-none-eabi/5.2.1/../../../../arm-none-eabi/lib/armv7e-m/fpu\libc_nano.a(lib_a-reent.o)
 .debug_frame   0x00001e90       0x2c c:/armtc/eclipse/plugins/fr.ac6.mcu.externaltools.arm-none.win32_1.7.0.201602121829/tools/compiler/bin/../lib/gcc/arm-none-eabi/5.2.1/../../../../arm-none-eabi/lib/armv7e-m/fpu\libc_nano.a(lib_a-fstatr.o)
 .debug_frame   0x00001ebc       0x2c c:/armtc/eclipse/plugins/fr.ac6.mcu.externaltools.arm-none.win32_1.7.0.201602121829/tools/compiler/bin/../lib/gcc/arm-none-eabi/5.2.1/../../../../arm-none-eabi/lib/armv7e-m/fpu\libc_nano.a(lib_a-isattyr.o)
 .debug_frame   0x00001ee8       0x20 c:/armtc/eclipse/plugins/fr.ac6.mcu.externaltools.arm-none.win32_1.7.0.201602121829/tools/compiler/bin/../lib/gcc/arm-none-eabi/5.2.1/../../../../arm-none-eabi/lib/armv7e-m/fpu\libnosys.a(close.o)
 .debug_frame   0x00001f08       0x20 c:/armtc/eclipse/plugins/fr.ac6.mcu.externaltools.arm-none.win32_1.7.0.201602121829/tools/compiler/bin/../lib/gcc/arm-none-eabi/5.2.1/../../../../arm-none-eabi/lib/armv7e-m/fpu\libnosys.a(fstat.o)
 .debug_frame   0x00001f28       0x20 c:/armtc/eclipse/plugins/fr.ac6.mcu.externaltools.arm-none.win32_1.7.0.201602121829/tools/compiler/bin/../lib/gcc/arm-none-eabi/5.2.1/../../../../arm-none-eabi/lib/armv7e-m/fpu\libnosys.a(isatty.o)
 .debug_frame   0x00001f48       0x20 c:/armtc/eclipse/plugins/fr.ac6.mcu.externaltools.arm-none.win32_1.7.0.201602121829/tools/compiler/bin/../lib/gcc/arm-none-eabi/5.2.1/../../../../arm-none-eabi/lib/armv7e-m/fpu\libnosys.a(lseek.o)
 .debug_frame   0x00001f68       0x20 c:/armtc/eclipse/plugins/fr.ac6.mcu.externaltools.arm-none.win32_1.7.0.201602121829/tools/compiler/bin/../lib/gcc/arm-none-eabi/5.2.1/../../../../arm-none-eabi/lib/armv7e-m/fpu\libnosys.a(read.o)
 .debug_frame   0x00001f88       0x20 c:/armtc/eclipse/plugins/fr.ac6.mcu.externaltools.arm-none.win32_1.7.0.201602121829/tools/compiler/bin/../lib/gcc/arm-none-eabi/5.2.1/../../../../arm-none-eabi/lib/armv7e-m/fpu\libnosys.a(sbrk.o)
 .debug_frame   0x00001fa8       0x20 c:/armtc/eclipse/plugins/fr.ac6.mcu.externaltools.arm-none.win32_1.7.0.201602121829/tools/compiler/bin/../lib/gcc/arm-none-eabi/5.2.1/../../../../arm-none-eabi/lib/armv7e-m/fpu\libnosys.a(write.o)

.debug_loc      0x00000000     0x6cb1
 .debug_loc     0x00000000       0x4d Application/User/i2c.o
 .debug_loc     0x0000004d      0x25a Application/User/main.o
 .debug_loc     0x000002a7       0x63 Application/User/spi.o
 .debug_loc     0x0000030a       0x4d Application/User/usart.o
 .debug_loc     0x00000357       0xd7 Drivers/CMSIS/system_stm32f4xx.o
 .debug_loc     0x0000042e       0x84 Drivers/STM32F4xx_HAL_Driver/stm32f4xx_hal.o
 .debug_loc     0x000004b2      0x4ab Drivers/STM32F4xx_HAL_Driver/stm32f4xx_hal_cortex.o
 .debug_loc     0x0000095d      0x4e2 Drivers/STM32F4xx_HAL_Driver/stm32f4xx_hal_dma.o
 .debug_loc     0x00000e3f      0x370 Drivers/STM32F4xx_HAL_Driver/stm32f4xx_hal_gpio.o
 .debug_loc     0x000011af     0x3179 Drivers/STM32F4xx_HAL_Driver/stm32f4xx_hal_i2c.o
 .debug_loc     0x00004328      0x4e3 Drivers/STM32F4xx_HAL_Driver/stm32f4xx_hal_rcc.o
 .debug_loc     0x0000480b     0x165e Drivers/STM32F4xx_HAL_Driver/stm32f4xx_hal_spi.o
 .debug_loc     0x00005e69      0xe48 Drivers/STM32F4xx_HAL_Driver/stm32f4xx_hal_uart.o

.stab           0x00000000       0x9c
 .stab          0x00000000       0x24 c:/armtc/eclipse/plugins/fr.ac6.mcu.externaltools.arm-none.win32_1.7.0.201602121829/tools/compiler/bin/../lib/gcc/arm-none-eabi/5.2.1/../../../../arm-none-eabi/lib/armv7e-m/fpu\libnosys.a(close.o)
 .stab          0x00000024       0x18 c:/armtc/eclipse/plugins/fr.ac6.mcu.externaltools.arm-none.win32_1.7.0.201602121829/tools/compiler/bin/../lib/gcc/arm-none-eabi/5.2.1/../../../../arm-none-eabi/lib/armv7e-m/fpu\libnosys.a(fstat.o)
                                 0x24 (size before relaxing)
 .stab          0x0000003c       0x18 c:/armtc/eclipse/plugins/fr.ac6.mcu.externaltools.arm-none.win32_1.7.0.201602121829/tools/compiler/bin/../lib/gcc/arm-none-eabi/5.2.1/../../../../arm-none-eabi/lib/armv7e-m/fpu\libnosys.a(isatty.o)
                                 0x24 (size before relaxing)
 .stab          0x00000054       0x18 c:/armtc/eclipse/plugins/fr.ac6.mcu.externaltools.arm-none.win32_1.7.0.201602121829/tools/compiler/bin/../lib/gcc/arm-none-eabi/5.2.1/../../../../arm-none-eabi/lib/armv7e-m/fpu\libnosys.a(lseek.o)
                                 0x24 (size before relaxing)
 .stab          0x0000006c       0x18 c:/armtc/eclipse/plugins/fr.ac6.mcu.externaltools.arm-none.win32_1.7.0.201602121829/tools/compiler/bin/../lib/gcc/arm-none-eabi/5.2.1/../../../../arm-none-eabi/lib/armv7e-m/fpu\libnosys.a(read.o)
                                 0x24 (size before relaxing)
 .stab          0x00000084       0x18 c:/armtc/eclipse/plugins/fr.ac6.mcu.externaltools.arm-none.win32_1.7.0.201602121829/tools/compiler/bin/../lib/gcc/arm-none-eabi/5.2.1/../../../../arm-none-eabi/lib/armv7e-m/fpu\libnosys.a(write.o)
                                 0x24 (size before relaxing)

.stabstr        0x00000000      0x14d
 .stabstr       0x00000000      0x14d c:/armtc/eclipse/plugins/fr.ac6.mcu.externaltools.arm-none.win32_1.7.0.201602121829/tools/compiler/bin/../lib/gcc/arm-none-eabi/5.2.1/../../../../arm-none-eabi/lib/armv7e-m/fpu\libnosys.a(close.o)
