Archive member included to satisfy reference by file (symbol)

c:/armtc/eclipse/plugins/fr.ac6.mcu.externaltools.arm-none.win32_1.7.0.201602121829/tools/compiler/bin/../lib/gcc/arm-none-eabi/5.2.1/../../../../arm-none-eabi/lib/armv7e-m/fpu\libc_nano.a(lib_a-exit.o)
                              c:/armtc/eclipse/plugins/fr.ac6.mcu.externaltools.arm-none.win32_1.7.0.201602121829/tools/compiler/bin/../lib/gcc/arm-none-eabi/5.2.1/../../../../arm-none-eabi/lib/armv7e-m/fpu/crt0.o (exit)
c:/armtc/eclipse/plugins/fr.ac6.mcu.externaltools.arm-none.win32_1.7.0.201602121829/tools/compiler/bin/../lib/gcc/arm-none-eabi/5.2.1/../../../../arm-none-eabi/lib/armv7e-m/fpu\libc_nano.a(lib_a-impure.o)
                              c:/armtc/eclipse/plugins/fr.ac6.mcu.externaltools.arm-none.win32_1.7.0.201602121829/tools/compiler/bin/../lib/gcc/arm-none-eabi/5.2.1/../../../../arm-none-eabi/lib/armv7e-m/fpu\libc_nano.a(lib_a-exit.o) (_global_impure_ptr)
c:/armtc/eclipse/plugins/fr.ac6.mcu.externaltools.arm-none.win32_1.7.0.201602121829/tools/compiler/bin/../lib/gcc/arm-none-eabi/5.2.1/../../../../arm-none-eabi/lib/armv7e-m/fpu\libc_nano.a(lib_a-init.o)
                              c:/armtc/eclipse/plugins/fr.ac6.mcu.externaltools.arm-none.win32_1.7.0.201602121829/tools/compiler/bin/../lib/gcc/arm-none-eabi/5.2.1/../../../../arm-none-eabi/lib/armv7e-m/fpu/crt0.o (__libc_init_array)
c:/armtc/eclipse/plugins/fr.ac6.mcu.externaltools.arm-none.win32_1.7.0.201602121829/tools/compiler/bin/../lib/gcc/arm-none-eabi/5.2.1/../../../../arm-none-eabi/lib/armv7e-m/fpu\libc_nano.a(lib_a-memset.o)
                              c:/armtc/eclipse/plugins/fr.ac6.mcu.externaltools.arm-none.win32_1.7.0.201602121829/tools/compiler/bin/../lib/gcc/arm-none-eabi/5.2.1/../../../../arm-none-eabi/lib/armv7e-m/fpu/crt0.o (memset)
c:/armtc/eclipse/plugins/fr.ac6.mcu.externaltools.arm-none.win32_1.7.0.201602121829/tools/compiler/bin/../lib/gcc/arm-none-eabi/5.2.1/../../../../arm-none-eabi/lib/armv7e-m/fpu\libnosys.a(_exit.o)
                              c:/armtc/eclipse/plugins/fr.ac6.mcu.externaltools.arm-none.win32_1.7.0.201602121829/tools/compiler/bin/../lib/gcc/arm-none-eabi/5.2.1/../../../../arm-none-eabi/lib/armv7e-m/fpu\libc_nano.a(lib_a-exit.o) (_exit)

Allocating common symbols
Common symbol       size              file

hi2c1               0x44              Application/User/i2c.o
uwTick              0x4               Drivers/STM32F4xx_HAL_Driver/stm32f4xx_hal.o
pFlash              0x20              Drivers/STM32F4xx_HAL_Driver/stm32f4xx_hal_flash.o
hdma_memtomem_dma2_stream1
                    0x58              Application/User/dma.o
huart1              0x40              Application/User/usart.o
header              0x4               Application/User/main.o
hspi1               0x58              Application/User/spi.o
Lep_Img             0x2580            Application/User/main.o
huart2              0x40              Application/User/usart.o
hdma_spi1_rx        0x58              Application/User/spi.o
hdma_spi1_tx        0x58              Application/User/spi.o

Discarded input sections

 .text          0x00000000        0x0 c:/armtc/eclipse/plugins/fr.ac6.mcu.externaltools.arm-none.win32_1.7.0.201602121829/tools/compiler/bin/../lib/gcc/arm-none-eabi/5.2.1/armv7e-m/fpu/crti.o
 .data          0x00000000        0x0 c:/armtc/eclipse/plugins/fr.ac6.mcu.externaltools.arm-none.win32_1.7.0.201602121829/tools/compiler/bin/../lib/gcc/arm-none-eabi/5.2.1/armv7e-m/fpu/crti.o
 .bss           0x00000000        0x0 c:/armtc/eclipse/plugins/fr.ac6.mcu.externaltools.arm-none.win32_1.7.0.201602121829/tools/compiler/bin/../lib/gcc/arm-none-eabi/5.2.1/armv7e-m/fpu/crti.o
 .data          0x00000000        0x4 c:/armtc/eclipse/plugins/fr.ac6.mcu.externaltools.arm-none.win32_1.7.0.201602121829/tools/compiler/bin/../lib/gcc/arm-none-eabi/5.2.1/armv7e-m/fpu/crtbegin.o
 .text          0x00000000       0x74 c:/armtc/eclipse/plugins/fr.ac6.mcu.externaltools.arm-none.win32_1.7.0.201602121829/tools/compiler/bin/../lib/gcc/arm-none-eabi/5.2.1/../../../../arm-none-eabi/lib/armv7e-m/fpu/crt0.o
 .data          0x00000000        0x0 c:/armtc/eclipse/plugins/fr.ac6.mcu.externaltools.arm-none.win32_1.7.0.201602121829/tools/compiler/bin/../lib/gcc/arm-none-eabi/5.2.1/../../../../arm-none-eabi/lib/armv7e-m/fpu/crt0.o
 .bss           0x00000000        0x0 c:/armtc/eclipse/plugins/fr.ac6.mcu.externaltools.arm-none.win32_1.7.0.201602121829/tools/compiler/bin/../lib/gcc/arm-none-eabi/5.2.1/../../../../arm-none-eabi/lib/armv7e-m/fpu/crt0.o
 .ARM.extab     0x00000000        0x0 c:/armtc/eclipse/plugins/fr.ac6.mcu.externaltools.arm-none.win32_1.7.0.201602121829/tools/compiler/bin/../lib/gcc/arm-none-eabi/5.2.1/../../../../arm-none-eabi/lib/armv7e-m/fpu/crt0.o
 .ARM.exidx     0x00000000        0x8 c:/armtc/eclipse/plugins/fr.ac6.mcu.externaltools.arm-none.win32_1.7.0.201602121829/tools/compiler/bin/../lib/gcc/arm-none-eabi/5.2.1/../../../../arm-none-eabi/lib/armv7e-m/fpu/crt0.o
 .ARM.attributes
[...]
Memory Configuration

Name             Origin             Length             Attributes
FLASH            0x08000000         0x00080000         xr
RAM              0x20000000         0x00018000         xrw
*default*        0x00000000         0xffffffff

Linker script and memory map

LOAD c:/armtc/eclipse/plugins/fr.ac6.mcu.externaltools.arm-none.win32_1.7.0.201602121829/tools/compiler/bin/../lib/gcc/arm-none-eabi/5.2.1/armv7e-m/fpu/crti.o
LOAD c:/armtc/eclipse/plugins/fr.ac6.mcu.externaltools.arm-none.win32_1.7.0.201602121829/tools/compiler/bin/../lib/gcc/arm-none-eabi/5.2.1/armv7e-m/fpu/crtbegin.o
LOAD c:/armtc/eclipse/plugins/fr.ac6.mcu.externaltools.arm-none.win32_1.7.0.201602121829/tools/compiler/bin/../lib/gcc/arm-none-eabi/5.2.1/../../../../arm-none-eabi/lib/armv7e-m/fpu/crt0.o
LOAD c:/armtc/eclipse/plugins/fr.ac6.mcu.externaltools.arm-none.win32_1.7.0.201602121829/tools/compiler/bin/../lib/gcc/arm-none-eabi/5.2.1/../../../../arm-none-eabi/lib/armv7e-m/fpu\libm.a
LOAD Application/SW4STM32/startup_stm32f401xe.o
LOAD Application/User/dma.o
LOAD Application/User/gpio.o
LOAD Application/User/i2c.o
LOAD Application/User/lep_i2c.o
LOAD Application/User/main.o
LOAD Application/User/spi.o
LOAD Application/User/stm32f4xx_hal_msp.o
LOAD Application/User/stm32f4xx_it.o
LOAD Application/User/usart.o
LOAD Drivers/CMSIS/system_stm32f4xx.o
LOAD Drivers/STM32F4xx_HAL_Driver/stm32f4xx_hal.o
LOAD Drivers/STM32F4xx_HAL_Driver/stm32f4xx_hal_cortex.o
LOAD Drivers/STM32F4xx_HAL_Driver/stm32f4xx_hal_dma.o
LOAD Drivers/STM32F4xx_HAL_Driver/stm32f4xx_hal_dma_ex.o
LOAD Drivers/STM32F4xx_HAL_Driver/stm32f4xx_hal_flash.o
LOAD Drivers/STM32F4xx_HAL_Driver/stm32f4xx_hal_flash_ex.o
LOAD Drivers/STM32F4xx_HAL_Driver/stm32f4xx_hal_flash_ramfunc.o
LOAD Drivers/STM32F4xx_HAL_Driver/stm32f4xx_hal_gpio.o
LOAD Drivers/STM32F4xx_HAL_Driver/stm32f4xx_hal_i2c.o
LOAD Drivers/STM32F4xx_HAL_Driver/stm32f4xx_hal_i2c_ex.o
LOAD Drivers/STM32F4xx_HAL_Driver/stm32f4xx_hal_pwr.o
LOAD Drivers/STM32F4xx_HAL_Driver/stm32f4xx_hal_pwr_ex.o
LOAD Drivers/STM32F4xx_HAL_Driver/stm32f4xx_hal_rcc.o
LOAD Drivers/STM32F4xx_HAL_Driver/stm32f4xx_hal_rcc_ex.o
LOAD Drivers/STM32F4xx_HAL_Driver/stm32f4xx_hal_rtc.o
LOAD Drivers/STM32F4xx_HAL_Driver/stm32f4xx_hal_rtc_ex.o
LOAD Drivers/STM32F4xx_HAL_Driver/stm32f4xx_hal_spi.o
LOAD Drivers/STM32F4xx_HAL_Driver/stm32f4xx_hal_tim.o
LOAD Drivers/STM32F4xx_HAL_Driver/stm32f4xx_hal_tim_ex.o
LOAD Drivers/STM32F4xx_HAL_Driver/stm32f4xx_hal_uart.o
START GROUP
LOAD c:/armtc/eclipse/plugins/fr.ac6.mcu.externaltools.arm-none.win32_1.7.0.201602121829/tools/compiler/bin/../lib/gcc/arm-none-eabi/5.2.1/armv7e-m/fpu\libgcc.a
LOAD c:/armtc/eclipse/plugins/fr.ac6.mcu.externaltools.arm-none.win32_1.7.0.201602121829/tools/compiler/bin/../lib/gcc/arm-none-eabi/5.2.1/../../../../arm-none-eabi/lib/armv7e-m/fpu\libc_nano.a
END GROUP
START GROUP
LOAD c:/armtc/eclipse/plugins/fr.ac6.mcu.externaltools.arm-none.win32_1.7.0.201602121829/tools/compiler/bin/../lib/gcc/arm-none-eabi/5.2.1/armv7e-m/fpu\libgcc.a
LOAD c:/armtc/eclipse/plugins/fr.ac6.mcu.externaltools.arm-none.win32_1.7.0.201602121829/tools/compiler/bin/../lib/gcc/arm-none-eabi/5.2.1/../../../../arm-none-eabi/lib/armv7e-m/fpu\libc_nano.a
LOAD c:/armtc/eclipse/plugins/fr.ac6.mcu.externaltools.arm-none.win32_1.7.0.201602121829/tools/compiler/bin/../lib/gcc/arm-none-eabi/5.2.1/../../../../arm-none-eabi/lib/armv7e-m/fpu\libnosys.a
END GROUP
START GROUP
LOAD c:/armtc/eclipse/plugins/fr.ac6.mcu.externaltools.arm-none.win32_1.7.0.201602121829/tools/compiler/bin/../lib/gcc/arm-none-eabi/5.2.1/armv7e-m/fpu\libgcc.a
LOAD c:/armtc/eclipse/plugins/fr.ac6.mcu.externaltools.arm-none.win32_1.7.0.201602121829/tools/compiler/bin/../lib/gcc/arm-none-eabi/5.2.1/../../../../arm-none-eabi/lib/armv7e-m/fpu\libc_nano.a
LOAD c:/armtc/eclipse/plugins/fr.ac6.mcu.externaltools.arm-none.win32_1.7.0.201602121829/tools/compiler/bin/../lib/gcc/arm-none-eabi/5.2.1/../../../../arm-none-eabi/lib/armv7e-m/fpu\libnosys.a
END GROUP
LOAD c:/armtc/eclipse/plugins/fr.ac6.mcu.externaltools.arm-none.win32_1.7.0.201602121829/tools/compiler/bin/../lib/gcc/arm-none-eabi/5.2.1/armv7e-m/fpu/crtend.o
LOAD c:/armtc/eclipse/plugins/fr.ac6.mcu.externaltools.arm-none.win32_1.7.0.201602121829/tools/compiler/bin/../lib/gcc/arm-none-eabi/5.2.1/armv7e-m/fpu/crtn.o
                0x20018000                _estack = 0x20018000
                0x00000400                _Min_Heap_Size = 0x400
                0x00000200                _Min_Stack_Size = 0x200

.isr_vector     0x08000000      0x194
                0x08000000                . = ALIGN (0x4)
 *(.isr_vector)
 .isr_vector    0x08000000      0x194 Application/SW4STM32/startup_stm32f401xe.o
                0x08000000                g_pfnVectors
                0x08000194                . = ALIGN (0x4)

.text           0x08000194     0x2048
                0x08000194                . = ALIGN (0x4)
 *(.text)
 .text          0x08000194       0xa4 c:/armtc/eclipse/plugins/fr.ac6.mcu.externaltools.arm-none.win32_1.7.0.201602121829/tools/compiler/bin/../lib/gcc/arm-none-eabi/5.2.1/armv7e-m/fpu/crtbegin.o
 *(.text*)
 .text.Reset_Handler
                0x08000238       0x50 Application/SW4STM32/startup_stm32f401xe.o
                0x08000238                Reset_Handler
 .text.Default_Handler
                0x08000288        0x2 Application/SW4STM32/startup_stm32f401xe.o
                0x08000288                RTC_Alarm_IRQHandler
                0x08000288                EXTI2_IRQHandler
                0x08000288                DebugMon_Handler
                0x08000288                SPI4_IRQHandler
                0x08000288                TIM1_CC_IRQHandler
                0x08000288                DMA2_Stream5_IRQHandler
                0x08000288                HardFault_Handler
                0x08000288                DMA1_Stream5_IRQHandler
                0x08000288                PVD_IRQHandler
                0x08000288                SDIO_IRQHandler
                0x08000288                TAMP_STAMP_IRQHandler
                0x08000288                PendSV_Handler
                0x08000288                EXTI3_IRQHandler
                0x08000288                TIM1_UP_TIM10_IRQHandler
                0x08000288                I2C3_ER_IRQHandler
                0x08000288                EXTI0_IRQHandler
                0x08000288                I2C2_EV_IRQHandler
                0x08000288                DMA1_Stream2_IRQHandler
                0x08000288                FPU_IRQHandler
                0x08000288                UsageFault_Handler
                0x08000288                DMA2_Stream2_IRQHandler
                0x08000288                TIM1_BRK_TIM9_IRQHandler
                0x08000288                USART6_IRQHandler
                0x08000288                TIM4_IRQHandler
                0x08000288                I2C1_EV_IRQHandler
                0x08000288                DMA1_Stream6_IRQHandler
                0x08000288                DMA1_Stream1_IRQHandler
                0x08000288                TIM3_IRQHandler
                0x08000288                RCC_IRQHandler
                0x08000288                Default_Handler
                0x08000288                EXTI15_10_IRQHandler
                0x08000288                ADC_IRQHandler
                0x08000288                DMA1_Stream7_IRQHandler
                0x08000288                TIM5_IRQHandler
                0x08000288                DMA2_Stream7_IRQHandler
                0x08000288                I2C3_EV_IRQHandler
                0x08000288                EXTI9_5_IRQHandler
                0x08000288                RTC_WKUP_IRQHandler
                0x08000288                SPI2_IRQHandler
                0x08000288                MemManage_Handler
                0x08000288                DMA1_Stream0_IRQHandler
                0x08000288                SVC_Handler
                0x08000288                EXTI4_IRQHandler
                0x08000288                WWDG_IRQHandler
                0x08000288                TIM2_IRQHandler
                0x08000288                OTG_FS_WKUP_IRQHandler
                0x08000288                TIM1_TRG_COM_TIM11_IRQHandler
                0x08000288                EXTI1_IRQHandler
                0x08000288                USART2_IRQHandler
                0x08000288                I2C2_ER_IRQHandler
                0x08000288                FLASH_IRQHandler
                0x08000288                DMA2_Stream4_IRQHandler
                0x08000288                BusFault_Handler
                0x08000288                USART1_IRQHandler
                0x08000288                OTG_FS_IRQHandler
                0x08000288                SPI3_IRQHandler
                0x08000288                DMA1_Stream4_IRQHandler
                0x08000288                I2C1_ER_IRQHandler
                0x08000288                DMA2_Stream6_IRQHandler
                0x08000288                DMA1_Stream3_IRQHandler
 *fill*         0x0800028a        0x2 
 .text.MX_DMA_Init
                0x0800028c       0x98 Application/User/dma.o
                0x0800028c                MX_DMA_Init
 .text.MX_GPIO_Init
                0x08000324       0x80 Application/User/gpio.o
                0x08000324                MX_GPIO_Init
 .text.MX_I2C1_Init
                0x080003a4       0x30 Application/User/i2c.o
                0x080003a4                MX_I2C1_Init
 .text.HAL_I2C_MspInit
                0x080003d4       0x54 Application/User/i2c.o
                0x080003d4                HAL_I2C_MspInit
 .text.lepton_command
                0x08000428       0x5c Application/User/main.o
                0x08000428                lepton_command
 .text.set_reg  0x08000484       0x48 Application/User/main.o
                0x08000484                set_reg
 .text.read_reg
                0x080004cc       0x30 Application/User/main.o
                0x080004cc                read_reg
 .text.read_metric_data
                0x080004fc       0x70 Application/User/main.o
                0x080004fc                read_metric_data
 .text.metric_enable
                0x0800056c       0xd0 Application/User/main.o
                0x0800056c                metric_enable
 .text.tresh    0x0800063c       0xd4 Application/User/main.o
                0x0800063c                tresh
 .text.SystemClock_Config
                0x08000710       0xa4 Application/User/main.o
                0x08000710                SystemClock_Config
 .text.startup.main
                0x080007b4       0x80 Application/User/main.o
                0x080007b4                main
 .text.MX_SPI1_Init
                0x08000834       0x3c Application/User/spi.o
                0x08000834                MX_SPI1_Init
 .text.HAL_SPI_MspInit
                0x08000870      0x114 Application/User/spi.o
                0x08000870                HAL_SPI_MspInit
 .text.HAL_MspInit
                0x08000984       0x18 Application/User/stm32f4xx_hal_msp.o
                0x08000984                HAL_MspInit
 .text.NMI_Handler
                0x0800099c        0x4 Application/User/stm32f4xx_it.o
                0x0800099c                NMI_Handler
 .text.SysTick_Handler
                0x080009a0        0xe Application/User/stm32f4xx_it.o
                0x080009a0                SysTick_Handler
 *fill*         0x080009ae        0x2 
 .text.SPI1_IRQHandler
                0x080009b0        0xc Application/User/stm32f4xx_it.o
                0x080009b0                SPI1_IRQHandler
 .text.DMA2_Stream0_IRQHandler
                0x080009bc        0xc Application/User/stm32f4xx_it.o
                0x080009bc                DMA2_Stream0_IRQHandler
 .text.DMA2_Stream1_IRQHandler
                0x080009c8        0xc Application/User/stm32f4xx_it.o
                0x080009c8                DMA2_Stream1_IRQHandler
 .text.DMA2_Stream3_IRQHandler
                0x080009d4        0xc Application/User/stm32f4xx_it.o
                0x080009d4                DMA2_Stream3_IRQHandler
 .text.MX_USART1_UART_Init
                0x080009e0       0x28 Application/User/usart.o
                0x080009e0                MX_USART1_UART_Init
 .text.MX_USART2_UART_Init
                0x08000a08       0x28 Application/User/usart.o
                0x08000a08                MX_USART2_UART_Init
 .text.HAL_UART_MspInit
                0x08000a30       0x84 Application/User/usart.o
                0x08000a30                HAL_UART_MspInit
 .text.SystemInit
                0x08000ab4       0x4c Drivers/CMSIS/system_stm32f4xx.o
                0x08000ab4                SystemInit
 .text.HAL_InitTick
                0x08000b00       0x24 Drivers/STM32F4xx_HAL_Driver/stm32f4xx_hal.o
                0x08000b00                HAL_InitTick
 .text.HAL_Init
                0x08000b24       0x34 Drivers/STM32F4xx_HAL_Driver/stm32f4xx_hal.o
                0x08000b24                HAL_Init
 .text.HAL_IncTick
                0x08000b58       0x10 Drivers/STM32F4xx_HAL_Driver/stm32f4xx_hal.o
                0x08000b58                HAL_IncTick
 .text.HAL_GetTick
                0x08000b68        0xc Drivers/STM32F4xx_HAL_Driver/stm32f4xx_hal.o
                0x08000b68                HAL_GetTick
 .text.HAL_Delay
                0x08000b74       0x1a Drivers/STM32F4xx_HAL_Driver/stm32f4xx_hal.o
                0x08000b74                HAL_Delay
 *fill*         0x08000b8e        0x2 
 .text.HAL_NVIC_SetPriorityGrouping
                0x08000b90       0x24 Drivers/STM32F4xx_HAL_Driver/stm32f4xx_hal_cortex.o
                0x08000b90                HAL_NVIC_SetPriorityGrouping
 .text.HAL_NVIC_SetPriority
                0x08000bb4       0x68 Drivers/STM32F4xx_HAL_Driver/stm32f4xx_hal_cortex.o
                0x08000bb4                HAL_NVIC_SetPriority
 .text.HAL_NVIC_EnableIRQ
                0x08000c1c       0x18 Drivers/STM32F4xx_HAL_Driver/stm32f4xx_hal_cortex.o
                0x08000c1c                HAL_NVIC_EnableIRQ
 .text.HAL_SYSTICK_Config
                0x08000c34       0x2c Drivers/STM32F4xx_HAL_Driver/stm32f4xx_hal_cortex.o
                0x08000c34                HAL_SYSTICK_Config
 .text.HAL_SYSTICK_CLKSourceConfig
                0x08000c60       0x18 Drivers/STM32F4xx_HAL_Driver/stm32f4xx_hal_cortex.o
                0x08000c60                HAL_SYSTICK_CLKSourceConfig
 .text.HAL_SYSTICK_Callback
                0x08000c78        0x2 Drivers/STM32F4xx_HAL_Driver/stm32f4xx_hal_cortex.o
                0x08000c78                HAL_SYSTICK_Callback
 .text.HAL_SYSTICK_IRQHandler
                0x08000c7a        0x8 Drivers/STM32F4xx_HAL_Driver/stm32f4xx_hal_cortex.o
                0x08000c7a                HAL_SYSTICK_IRQHandler
 *fill*         0x08000c82        0x2 
 .text.DMA_CalcBaseAndBitshift
                0x08000c84       0x2c Drivers/STM32F4xx_HAL_Driver/stm32f4xx_hal_dma.o
 .text.HAL_DMA_Init
                0x08000cb0       0x74 Drivers/STM32F4xx_HAL_Driver/stm32f4xx_hal_dma.o
                0x08000cb0                HAL_DMA_Init
 .text.HAL_DMA_IRQHandler
                0x08000d24      0x164 Drivers/STM32F4xx_HAL_Driver/stm32f4xx_hal_dma.o
                0x08000d24                HAL_DMA_IRQHandler
 .text.HAL_GPIO_Init
                0x08000e88      0x19c Drivers/STM32F4xx_HAL_Driver/stm32f4xx_hal_gpio.o
                0x08000e88                HAL_GPIO_Init
 .text.I2C_IsAcknowledgeFailed
                0x08001024       0x2a Drivers/STM32F4xx_HAL_Driver/stm32f4xx_hal_i2c.o
 .text.I2C_WaitOnFlagUntilTimeout
                0x0800104e       0x98 Drivers/STM32F4xx_HAL_Driver/stm32f4xx_hal_i2c.o
 .text.I2C_WaitOnMasterAddressFlagUntilTimeout
                0x080010e6       0x84 Drivers/STM32F4xx_HAL_Driver/stm32f4xx_hal_i2c.o
 *fill*         0x0800116a        0x2 
 .text.I2C_MasterRequestRead
                0x0800116c       0xdc Drivers/STM32F4xx_HAL_Driver/stm32f4xx_hal_i2c.o
 .text.I2C_MasterRequestWrite
                0x08001248       0x94 Drivers/STM32F4xx_HAL_Driver/stm32f4xx_hal_i2c.o
 .text.I2C_WaitOnRXNEFlagUntilTimeout
                0x080012dc       0x5e Drivers/STM32F4xx_HAL_Driver/stm32f4xx_hal_i2c.o
 .text.I2C_WaitOnTXEFlagUntilTimeout
                0x0800133a       0x50 Drivers/STM32F4xx_HAL_Driver/stm32f4xx_hal_i2c.o
 *fill*         0x0800138a        0x2 
 .text.HAL_I2C_Init
                0x0800138c       0xdc Drivers/STM32F4xx_HAL_Driver/stm32f4xx_hal_i2c.o
                0x0800138c                HAL_I2C_Init
 .text.HAL_I2C_Master_Transmit
                0x08001468      0x14c Drivers/STM32F4xx_HAL_Driver/stm32f4xx_hal_i2c.o
                0x08001468                HAL_I2C_Master_Transmit
 .text.HAL_I2C_Master_Receive
                0x080015b4      0x1c8 Drivers/STM32F4xx_HAL_Driver/stm32f4xx_hal_i2c.o
                0x080015b4                HAL_I2C_Master_Receive
 .text.HAL_RCC_OscConfig
                0x0800177c      0x2d0 Drivers/STM32F4xx_HAL_Driver/stm32f4xx_hal_rcc.o
                0x0800177c                HAL_RCC_OscConfig
 .text.HAL_RCC_ClockConfig
                0x08001a4c      0x140 Drivers/STM32F4xx_HAL_Driver/stm32f4xx_hal_rcc.o
                0x08001a4c                HAL_RCC_ClockConfig
 .text.HAL_RCC_GetSysClockFreq
                0x08001b8c       0x7c Drivers/STM32F4xx_HAL_Driver/stm32f4xx_hal_rcc.o
                0x08001b8c                HAL_RCC_GetSysClockFreq
 .text.HAL_RCC_GetHCLKFreq
                0x08001c08       0x34 Drivers/STM32F4xx_HAL_Driver/stm32f4xx_hal_rcc.o
                0x08001c08                HAL_RCC_GetHCLKFreq
 .text.HAL_RCC_GetPCLK1Freq
                0x08001c3c       0x2c Drivers/STM32F4xx_HAL_Driver/stm32f4xx_hal_rcc.o
                0x08001c3c                HAL_RCC_GetPCLK1Freq
 .text.HAL_RCC_GetPCLK2Freq
                0x08001c68       0x2c Drivers/STM32F4xx_HAL_Driver/stm32f4xx_hal_rcc.o
                0x08001c68                HAL_RCC_GetPCLK2Freq
 .text.HAL_RCC_CSSCallback
                0x08001c94        0x2 Drivers/STM32F4xx_HAL_Driver/stm32f4xx_hal_rcc.o
                0x08001c94                HAL_RCC_CSSCallback
 *fill*         0x08001c96        0x2 
 .text.HAL_RCC_NMI_IRQHandler
                0x08001c98       0x20 Drivers/STM32F4xx_HAL_Driver/stm32f4xx_hal_rcc.o
                0x08001c98                HAL_RCC_NMI_IRQHandler
 .text.HAL_SPI_Init
                0x08001cb8       0x80 Drivers/STM32F4xx_HAL_Driver/stm32f4xx_hal_spi.o
                0x08001cb8                HAL_SPI_Init
 .text.HAL_SPI_ErrorCallback
                0x08001d38        0x2 Drivers/STM32F4xx_HAL_Driver/stm32f4xx_hal_spi.o
                0x08001d38                HAL_SPI_ErrorCallback
 .text.HAL_SPI_IRQHandler
                0x08001d3a       0xa6 Drivers/STM32F4xx_HAL_Driver/stm32f4xx_hal_spi.o
                0x08001d3a                HAL_SPI_IRQHandler
 .text.UART_SetConfig
                0x08001de0      0x23c Drivers/STM32F4xx_HAL_Driver/stm32f4xx_hal_uart.o
 .text.UART_WaitOnFlagUntilTimeout.constprop.1
                0x0800201c       0x64 Drivers/STM32F4xx_HAL_Driver/stm32f4xx_hal_uart.o
 .text.HAL_UART_Init
                0x08002080       0x5c Drivers/STM32F4xx_HAL_Driver/stm32f4xx_hal_uart.o
                0x08002080                HAL_UART_Init
 .text.HAL_UART_Transmit
                0x080020dc       0x9c Drivers/STM32F4xx_HAL_Driver/stm32f4xx_hal_uart.o
                0x080020dc                HAL_UART_Transmit
 .text.__libc_init_array
                0x08002178       0x4c c:/armtc/eclipse/plugins/fr.ac6.mcu.externaltools.arm-none.win32_1.7.0.201602121829/tools/compiler/bin/../lib/gcc/arm-none-eabi/5.2.1/../../../../arm-none-eabi/lib/armv7e-m/fpu\libc_nano.a(lib_a-init.o)
                0x08002178                __libc_init_array
 *(.glue_7)
 .glue_7        0x080021c4        0x0 linker stubs
 *(.glue_7t)
 .glue_7t       0x080021c4        0x0 linker stubs
 *(.eh_frame)
 .eh_frame      0x080021c4        0x0 c:/armtc/eclipse/plugins/fr.ac6.mcu.externaltools.arm-none.win32_1.7.0.201602121829/tools/compiler/bin/../lib/gcc/arm-none-eabi/5.2.1/armv7e-m/fpu/crtbegin.o
 *(.init)
 .init          0x080021c4        0x4 c:/armtc/eclipse/plugins/fr.ac6.mcu.externaltools.arm-none.win32_1.7.0.201602121829/tools/compiler/bin/../lib/gcc/arm-none-eabi/5.2.1/armv7e-m/fpu/crti.o
                0x080021c4                _init
 .init          0x080021c8        0x8 c:/armtc/eclipse/plugins/fr.ac6.mcu.externaltools.arm-none.win32_1.7.0.201602121829/tools/compiler/bin/../lib/gcc/arm-none-eabi/5.2.1/armv7e-m/fpu/crtn.o
 *(.fini)
 .fini          0x080021d0        0x4 c:/armtc/eclipse/plugins/fr.ac6.mcu.externaltools.arm-none.win32_1.7.0.201602121829/tools/compiler/bin/../lib/gcc/arm-none-eabi/5.2.1/armv7e-m/fpu/crti.o
                0x080021d0                _fini
 .fini          0x080021d4        0x8 c:/armtc/eclipse/plugins/fr.ac6.mcu.externaltools.arm-none.win32_1.7.0.201602121829/tools/compiler/bin/../lib/gcc/arm-none-eabi/5.2.1/armv7e-m/fpu/crtn.o
                0x080021dc                . = ALIGN (0x4)
                0x080021dc                _etext = .

.vfp11_veneer   0x080021dc        0x0
 .vfp11_veneer  0x080021dc        0x0 linker stubs

.v4_bx          0x080021dc        0x0
 .v4_bx         0x080021dc        0x0 linker stubs

.iplt           0x080021dc        0x0
 .iplt          0x080021dc        0x0 c:/armtc/eclipse/plugins/fr.ac6.mcu.externaltools.arm-none.win32_1.7.0.201602121829/tools/compiler/bin/../lib/gcc/arm-none-eabi/5.2.1/armv7e-m/fpu/crtbegin.o

.rodata         0x080021dc       0x18
                0x080021dc                . = ALIGN (0x4)
 *(.rodata)
 .rodata        0x080021dc        0x8 Drivers/STM32F4xx_HAL_Driver/stm32f4xx_hal_dma.o
 .rodata        0x080021e4       0x10 Drivers/STM32F4xx_HAL_Driver/stm32f4xx_hal_rcc.o
                0x080021e4                APBAHBPrescTable
 *(.rodata*)
                0x080021f4                . = ALIGN (0x4)

.rel.dyn        0x080021f4        0x0
 .rel.iplt      0x080021f4        0x0 c:/armtc/eclipse/plugins/fr.ac6.mcu.externaltools.arm-none.win32_1.7.0.201602121829/tools/compiler/bin/../lib/gcc/arm-none-eabi/5.2.1/armv7e-m/fpu/crtbegin.o

.ARM.extab
 *(.ARM.extab* .gnu.linkonce.armextab.*)

.ARM            0x080021f4        0x0
                0x080021f4                __exidx_start = .
 *(.ARM.exidx*)
                0x080021f4                __exidx_end = .

.preinit_array  0x080021f4        0x0
                0x080021f4                PROVIDE (__preinit_array_start, .)
 *(.preinit_array*)
                0x080021f4                PROVIDE (__preinit_array_end, .)

.init_array     0x080021f4        0x4
                0x080021f4                PROVIDE (__init_array_start, .)
 *(SORT(.init_array.*))
 *(.init_array*)
 .init_array    0x080021f4        0x4 c:/armtc/eclipse/plugins/fr.ac6.mcu.externaltools.arm-none.win32_1.7.0.201602121829/tools/compiler/bin/../lib/gcc/arm-none-eabi/5.2.1/armv7e-m/fpu/crtbegin.o
                0x080021f8                PROVIDE (__init_array_end, .)

.fini_array     0x080021f8        0x4
                [!provide]                PROVIDE (__fini_array_start, .)
 *(SORT(.fini_array.*))
 *(.fini_array*)
 .fini_array    0x080021f8        0x4 c:/armtc/eclipse/plugins/fr.ac6.mcu.externaltools.arm-none.win32_1.7.0.201602121829/tools/compiler/bin/../lib/gcc/arm-none-eabi/5.2.1/armv7e-m/fpu/crtbegin.o
                [!provide]                PROVIDE (__fini_array_end, .)
                0x080021fc                _sidata = LOADADDR (.data)

.data           0x20000000        0x4 load address 0x080021fc
                0x20000000                . = ALIGN (0x4)
                0x20000000                _sdata = .
 *(.data)
 .data          0x20000000        0x4 Drivers/CMSIS/system_stm32f4xx.o
                0x20000000                SystemCoreClock
 *(.data*)
                0x20000004                . = ALIGN (0x4)
                0x20000004                _edata = .

.jcr            0x20000004        0x0 load address 0x08002200
 .jcr           0x20000004        0x0 c:/armtc/eclipse/plugins/fr.ac6.mcu.externaltools.arm-none.win32_1.7.0.201602121829/tools/compiler/bin/../lib/gcc/arm-none-eabi/5.2.1/armv7e-m/fpu/crtbegin.o

.tm_clone_table
                0x20000004        0x0 load address 0x08002200
 .tm_clone_table
                0x20000004        0x0 c:/armtc/eclipse/plugins/fr.ac6.mcu.externaltools.arm-none.win32_1.7.0.201602121829/tools/compiler/bin/../lib/gcc/arm-none-eabi/5.2.1/armv7e-m/fpu/crtbegin.o
 .tm_clone_table
                0x20000004        0x0 c:/armtc/eclipse/plugins/fr.ac6.mcu.externaltools.arm-none.win32_1.7.0.201602121829/tools/compiler/bin/../lib/gcc/arm-none-eabi/5.2.1/armv7e-m/fpu/crtend.o

.igot.plt       0x20000004        0x0 load address 0x08002200
 .igot.plt      0x20000004        0x0 c:/armtc/eclipse/plugins/fr.ac6.mcu.externaltools.arm-none.win32_1.7.0.201602121829/tools/compiler/bin/../lib/gcc/arm-none-eabi/5.2.1/armv7e-m/fpu/crtbegin.o
                0x20000004                . = ALIGN (0x4)

.bss            0x20000004      0x244 load address 0x08002200
                0x20000004                _sbss = .
                0x20000004                __bss_start__ = _sbss
 *(.bss)
 .bss           0x20000004       0x1c c:/armtc/eclipse/plugins/fr.ac6.mcu.externaltools.arm-none.win32_1.7.0.201602121829/tools/compiler/bin/../lib/gcc/arm-none-eabi/5.2.1/armv7e-m/fpu/crtbegin.o
 *(.bss*)
 *(COMMON)
 COMMON         0x20000020       0x58 Application/User/dma.o
                0x20000020                hdma_memtomem_dma2_stream1
 COMMON         0x20000078       0x44 Application/User/i2c.o
                0x20000078                hi2c1
 COMMON         0x200000bc      0x108 Application/User/spi.o
                0x200000bc                hspi1
                0x20000114                hdma_spi1_rx
                0x2000016c                hdma_spi1_tx
 COMMON         0x200001c4       0x80 Application/User/usart.o
                0x200001c4                huart1
                0x20000204                huart2
 COMMON         0x20000244        0x4 Drivers/STM32F4xx_HAL_Driver/stm32f4xx_hal.o
                0x20000244                uwTick
                0x20000248                . = ALIGN (0x4)
                0x20000248                _ebss = .
                0x20000248                __bss_end__ = _ebss

._user_heap_stack
                0x20000248      0x600 load address 0x08002200
                0x20000248                . = ALIGN (0x8)
                [!provide]                PROVIDE (end, .)
                [!provide]                PROVIDE (_end, .)
                0x20000648                . = (. + _Min_Heap_Size)
 *fill*         0x20000248      0x400 
                0x20000848                . = (. + _Min_Stack_Size)
 *fill*         0x20000648      0x200 
                0x20000848                . = ALIGN (0x8)

/DISCARD/
 libc.a(*)
 libm.a(*)
 libgcc.a(*)

.ARM.attributes
                0x00000000       0x30
 *(.ARM.attributes)
 .ARM.attributes
                0x00000000       0x22 c:/armtc/eclipse/plugins/fr.ac6.mcu.externaltools.arm-none.win32_1.7.0.201602121829/tools/compiler/bin/../lib/gcc/arm-none-eabi/5.2.1/armv7e-m/fpu/crti.o
 .ARM.attributes
                0x00000022       0x34 c:/armtc/eclipse/plugins/fr.ac6.mcu.externaltools.arm-none.win32_1.7.0.201602121829/tools/compiler/bin/../lib/gcc/arm-none-eabi/5.2.1/armv7e-m/fpu/crtbegin.o
 .ARM.attributes
                0x00000056       0x21 Application/SW4STM32/startup_stm32f401xe.o
 .ARM.attributes
                0x00000077       0x39 Application/User/dma.o
 .ARM.attributes
                0x000000b0       0x39 Application/User/gpio.o
 .ARM.attributes
                0x000000e9       0x39 Application/User/i2c.o
 .ARM.attributes
                0x00000122       0x39 Application/User/main.o
 .ARM.attributes
                0x0000015b       0x39 Application/User/spi.o
 .ARM.attributes
                0x00000194       0x39 Application/User/stm32f4xx_hal_msp.o
 .ARM.attributes
                0x000001cd       0x39 Application/User/stm32f4xx_it.o
 .ARM.attributes
                0x00000206       0x39 Application/User/usart.o
 .ARM.attributes
                0x0000023f       0x39 Drivers/CMSIS/system_stm32f4xx.o
 .ARM.attributes
                0x00000278       0x39 Drivers/STM32F4xx_HAL_Driver/stm32f4xx_hal.o
 .ARM.attributes
                0x000002b1       0x39 Drivers/STM32F4xx_HAL_Driver/stm32f4xx_hal_cortex.o
 .ARM.attributes
                0x000002ea       0x39 Drivers/STM32F4xx_HAL_Driver/stm32f4xx_hal_dma.o
 .ARM.attributes
                0x00000323       0x39 Drivers/STM32F4xx_HAL_Driver/stm32f4xx_hal_gpio.o
 .ARM.attributes
                0x0000035c       0x39 Drivers/STM32F4xx_HAL_Driver/stm32f4xx_hal_i2c.o
 .ARM.attributes
                0x00000395       0x39 Drivers/STM32F4xx_HAL_Driver/stm32f4xx_hal_rcc.o
 .ARM.attributes
                0x000003ce       0x39 Drivers/STM32F4xx_HAL_Driver/stm32f4xx_hal_spi.o
 .ARM.attributes
                0x00000407       0x39 Drivers/STM32F4xx_HAL_Driver/stm32f4xx_hal_uart.o
 .ARM.attributes
                0x00000440       0x34 c:/armtc/eclipse/plugins/fr.ac6.mcu.externaltools.arm-none.win32_1.7.0.201602121829/tools/compiler/bin/../lib/gcc/arm-none-eabi/5.2.1/../../../../arm-none-eabi/lib/armv7e-m/fpu\libc_nano.a(lib_a-init.o)
 .ARM.attributes
                0x00000474       0x34 c:/armtc/eclipse/plugins/fr.ac6.mcu.externaltools.arm-none.win32_1.7.0.201602121829/tools/compiler/bin/../lib/gcc/arm-none-eabi/5.2.1/armv7e-m/fpu/crtend.o
 .ARM.attributes
                0x000004a8       0x22 c:/armtc/eclipse/plugins/fr.ac6.mcu.externaltools.arm-none.win32_1.7.0.201602121829/tools/compiler/bin/../lib/gcc/arm-none-eabi/5.2.1/armv7e-m/fpu/crtn.o
OUTPUT(Psyphas.elf elf32-littlearm)

.debug_line     0x00000000     0xae7c
 .debug_line    0x00000000       0xcc Application/SW4STM32/startup_stm32f401xe.o
 .debug_line    0x000000cc      0x77d Application/User/dma.o
 .debug_line    0x00000849      0x76f Application/User/gpio.o
 .debug_line    0x00000fb8      0x7a5 Application/User/i2c.o
 .debug_line    0x0000175d      0x8de Application/User/main.o
 .debug_line    0x0000203b      0x80c Application/User/spi.o
 .debug_line    0x00002847      0x765 Application/User/stm32f4xx_hal_msp.o
 .debug_line    0x00002fac      0x7c6 Application/User/stm32f4xx_it.o
 .debug_line    0x00003772      0x7d4 Application/User/usart.o
 .debug_line    0x00003f46      0x7c3 Drivers/CMSIS/system_stm32f4xx.o
 .debug_line    0x00004709      0x8f2 Drivers/STM32F4xx_HAL_Driver/stm32f4xx_hal.o
 .debug_line    0x00004ffb      0x967 Drivers/STM32F4xx_HAL_Driver/stm32f4xx_hal_cortex.o
 .debug_line    0x00005962      0x9ce Drivers/STM32F4xx_HAL_Driver/stm32f4xx_hal_dma.o
 .debug_line    0x00006330      0x91c Drivers/STM32F4xx_HAL_Driver/stm32f4xx_hal_gpio.o
 .debug_line    0x00006c4c     0x19c1 Drivers/STM32F4xx_HAL_Driver/stm32f4xx_hal_i2c.o
 .debug_line    0x0000860d      0xa77 Drivers/STM32F4xx_HAL_Driver/stm32f4xx_hal_rcc.o
 .debug_line    0x00009084      0xfd4 Drivers/STM32F4xx_HAL_Driver/stm32f4xx_hal_spi.o
 .debug_line    0x0000a058      0xe24 Drivers/STM32F4xx_HAL_Driver/stm32f4xx_hal_uart.o

.debug_info     0x00000000     0xda52
 .debug_info    0x00000000       0xcb Application/SW4STM32/startup_stm32f401xe.o
 .debug_info    0x000000cb      0x75a Application/User/dma.o
 .debug_info    0x00000825      0x418 Application/User/gpio.o
 .debug_info    0x00000c3d      0x930 Application/User/i2c.o
 .debug_info    0x0000156d     0x150c Application/User/main.o
 .debug_info    0x00002a79      0xbcf Application/User/spi.o
 .debug_info    0x00003648      0x2aa Application/User/stm32f4xx_hal_msp.o
 .debug_info    0x000038f2      0x6c3 Application/User/stm32f4xx_it.o
 .debug_info    0x00003fb5      0x90d Application/User/usart.o
 .debug_info    0x000048c2      0x4b0 Drivers/CMSIS/system_stm32f4xx.o
 .debug_info    0x00004d72      0x84e Drivers/STM32F4xx_HAL_Driver/stm32f4xx_hal.o
 .debug_info    0x000055c0      0xdd4 Drivers/STM32F4xx_HAL_Driver/stm32f4xx_hal_cortex.o
 .debug_info    0x00006394      0x804 Drivers/STM32F4xx_HAL_Driver/stm32f4xx_hal_dma.o
 .debug_info    0x00006b98      0x721 Drivers/STM32F4xx_HAL_Driver/stm32f4xx_hal_gpio.o
 .debug_info    0x000072b9     0x30ae Drivers/STM32F4xx_HAL_Driver/stm32f4xx_hal_i2c.o
 .debug_info    0x0000a367      0xc9b Drivers/STM32F4xx_HAL_Driver/stm32f4xx_hal_rcc.o
 .debug_info    0x0000b002     0x195c Drivers/STM32F4xx_HAL_Driver/stm32f4xx_hal_spi.o
 .debug_info    0x0000c95e     0x10f4 Drivers/STM32F4xx_HAL_Driver/stm32f4xx_hal_uart.o

.debug_abbrev   0x00000000     0x2391
 .debug_abbrev  0x00000000       0x12 Application/SW4STM32/startup_stm32f401xe.o
 .debug_abbrev  0x00000012      0x18f Application/User/dma.o
 .debug_abbrev  0x000001a1      0x12c Application/User/gpio.o
 .debug_abbrev  0x000002cd      0x1a9 Application/User/i2c.o
 .debug_abbrev  0x00000476      0x2c2 Application/User/main.o
 .debug_abbrev  0x00000738      0x1c8 Application/User/spi.o
 .debug_abbrev  0x00000900       0xc5 Application/User/stm32f4xx_hal_msp.o
 .debug_abbrev  0x000009c5      0x162 Application/User/stm32f4xx_it.o
 .debug_abbrev  0x00000b27      0x1b2 Application/User/usart.o
 .debug_abbrev  0x00000cd9      0x104 Drivers/CMSIS/system_stm32f4xx.o
 .debug_abbrev  0x00000ddd      0x261 Drivers/STM32F4xx_HAL_Driver/stm32f4xx_hal.o
 .debug_abbrev  0x0000103e      0x332 Drivers/STM32F4xx_HAL_Driver/stm32f4xx_hal_cortex.o
 .debug_abbrev  0x00001370      0x23b Drivers/STM32F4xx_HAL_Driver/stm32f4xx_hal_dma.o
 .debug_abbrev  0x000015ab      0x1cb Drivers/STM32F4xx_HAL_Driver/stm32f4xx_hal_gpio.o
 .debug_abbrev  0x00001776      0x31a Drivers/STM32F4xx_HAL_Driver/stm32f4xx_hal_i2c.o
 .debug_abbrev  0x00001a90      0x2ff Drivers/STM32F4xx_HAL_Driver/stm32f4xx_hal_rcc.o
 .debug_abbrev  0x00001d8f      0x332 Drivers/STM32F4xx_HAL_Driver/stm32f4xx_hal_spi.o
 .debug_abbrev  0x000020c1      0x2d0 Drivers/STM32F4xx_HAL_Driver/stm32f4xx_hal_uart.o

.debug_aranges  0x00000000      0x8a8
 .debug_aranges
                0x00000000       0x28 Application/SW4STM32/startup_stm32f401xe.o
 .debug_aranges
                0x00000028       0x20 Application/User/dma.o
 .debug_aranges
                0x00000048       0x20 Application/User/gpio.o
 .debug_aranges
                0x00000068       0x30 Application/User/i2c.o
 .debug_aranges
                0x00000098       0x58 Application/User/main.o
 .debug_aranges
                0x000000f0       0x30 Application/User/spi.o
 .debug_aranges
                0x00000120       0x20 Application/User/stm32f4xx_hal_msp.o
 .debug_aranges
                0x00000140       0x48 Application/User/stm32f4xx_it.o
 .debug_aranges
                0x00000188       0x38 Application/User/usart.o
 .debug_aranges
                0x000001c0       0x28 Drivers/CMSIS/system_stm32f4xx.o
 .debug_aranges
                0x000001e8       0xb8 Drivers/STM32F4xx_HAL_Driver/stm32f4xx_hal.o
 .debug_aranges
                0x000002a0       0x98 Drivers/STM32F4xx_HAL_Driver/stm32f4xx_hal_cortex.o
 .debug_aranges
                0x00000338       0x68 Drivers/STM32F4xx_HAL_Driver/stm32f4xx_hal_dma.o
 .debug_aranges
                0x000003a0       0x58 Drivers/STM32F4xx_HAL_Driver/stm32f4xx_hal_gpio.o
 .debug_aranges
                0x000003f8      0x1b8 Drivers/STM32F4xx_HAL_Driver/stm32f4xx_hal_i2c.o
 .debug_aranges
                0x000005b0       0x80 Drivers/STM32F4xx_HAL_Driver/stm32f4xx_hal_rcc.o
 .debug_aranges
                0x00000630      0x170 Drivers/STM32F4xx_HAL_Driver/stm32f4xx_hal_spi.o
 .debug_aranges
                0x000007a0      0x108 Drivers/STM32F4xx_HAL_Driver/stm32f4xx_hal_uart.o

.debug_ranges   0x00000000      0xa90
 .debug_ranges  0x00000000       0x20 Application/SW4STM32/startup_stm32f401xe.o
 .debug_ranges  0x00000020       0x30 Application/User/dma.o
 .debug_ranges  0x00000050       0x40 Application/User/gpio.o
 .debug_ranges  0x00000090       0x20 Application/User/i2c.o
 .debug_ranges  0x000000b0       0x80 Application/User/main.o
 .debug_ranges  0x00000130       0x38 Application/User/spi.o
 .debug_ranges  0x00000168       0x10 Application/User/stm32f4xx_hal_msp.o
 .debug_ranges  0x00000178       0x38 Application/User/stm32f4xx_it.o
 .debug_ranges  0x000001b0       0x40 Application/User/usart.o
 .debug_ranges  0x000001f0       0x18 Drivers/CMSIS/system_stm32f4xx.o
 .debug_ranges  0x00000208       0xa8 Drivers/STM32F4xx_HAL_Driver/stm32f4xx_hal.o
 .debug_ranges  0x000002b0      0x148 Drivers/STM32F4xx_HAL_Driver/stm32f4xx_hal_cortex.o
 .debug_ranges  0x000003f8       0x58 Drivers/STM32F4xx_HAL_Driver/stm32f4xx_hal_dma.o
 .debug_ranges  0x00000450       0x70 Drivers/STM32F4xx_HAL_Driver/stm32f4xx_hal_gpio.o
 .debug_ranges  0x000004c0      0x1f8 Drivers/STM32F4xx_HAL_Driver/stm32f4xx_hal_i2c.o
 .debug_ranges  0x000006b8      0x150 Drivers/STM32F4xx_HAL_Driver/stm32f4xx_hal_rcc.o
 .debug_ranges  0x00000808      0x190 Drivers/STM32F4xx_HAL_Driver/stm32f4xx_hal_spi.o
 .debug_ranges  0x00000998       0xf8 Drivers/STM32F4xx_HAL_Driver/stm32f4xx_hal_uart.o

.debug_macro    0x00000000    0x103da
 .debug_macro   0x00000000      0x2f2 Application/User/dma.o
 .debug_macro   0x000002f2      0x89e Application/User/dma.o
 .debug_macro   0x00000b90       0x4c Application/User/dma.o
 .debug_macro   0x00000bdc      0x1b6 Application/User/dma.o
 .debug_macro   0x00000d92       0x2e Application/User/dma.o
 .debug_macro   0x00000dc0       0x28 Application/User/dma.o
 .debug_macro   0x00000de8       0x22 Application/User/dma.o
 .debug_macro   0x00000e0a       0x44 Application/User/dma.o
 .debug_macro   0x00000e4e       0xfd Application/User/dma.o
 .debug_macro   0x00000f4b       0x22 Application/User/dma.o
 .debug_macro   0x00000f6d      0x1df Application/User/dma.o
 .debug_macro   0x0000114c       0x35 Application/User/dma.o
 .debug_macro   0x00001181       0x50 Application/User/dma.o
 .debug_macro   0x000011d1      0xe66 Application/User/dma.o
 .debug_macro   0x00002037     0x503e Application/User/dma.o
 .debug_macro   0x00007075       0x43 Application/User/dma.o
 .debug_macro   0x000070b8     0x33a6 Application/User/dma.o
 .debug_macro   0x0000a45e       0x58 Application/User/dma.o
 .debug_macro   0x0000a4b6       0x35 Application/User/dma.o
 .debug_macro   0x0000a4eb       0x9c Application/User/dma.o
 .debug_macro   0x0000a587       0x16 Application/User/dma.o
 .debug_macro   0x0000a59d       0x97 Application/User/dma.o
 .debug_macro   0x0000a634      0x329 Application/User/dma.o
 .debug_macro   0x0000a95d       0xfd Application/User/dma.o
 .debug_macro   0x0000aa5a       0x10 Application/User/dma.o
 .debug_macro   0x0000aa6a       0x52 Application/User/dma.o
 .debug_macro   0x0000aabc       0x16 Application/User/dma.o
 .debug_macro   0x0000aad2       0x43 Application/User/dma.o
 .debug_macro   0x0000ab15      0x187 Application/User/dma.o
 .debug_macro   0x0000ac9c       0x10 Application/User/dma.o
 .debug_macro   0x0000acac       0x22 Application/User/dma.o
 .debug_macro   0x0000acce       0x3a Application/User/dma.o
 .debug_macro   0x0000ad08       0x10 Application/User/dma.o
 .debug_macro   0x0000ad18       0x40 Application/User/dma.o
 .debug_macro   0x0000ad58       0x65 Application/User/dma.o
 .debug_macro   0x0000adbd       0x16 Application/User/dma.o
 .debug_macro   0x0000add3      0x197 Application/User/dma.o
 .debug_macro   0x0000af6a       0x50 Application/User/dma.o
 .debug_macro   0x0000afba      0x408 Application/User/dma.o
 .debug_macro   0x0000b3c2      0x9da Application/User/dma.o
 .debug_macro   0x0000bd9c      0x11e Application/User/dma.o
 .debug_macro   0x0000beba       0xf8 Application/User/dma.o
 .debug_macro   0x0000bfb2       0x27 Application/User/dma.o
 .debug_macro   0x0000bfd9      0x272 Application/User/dma.o
 .debug_macro   0x0000c24b       0x5f Application/User/dma.o
 .debug_macro   0x0000c2aa      0x23a Application/User/dma.o
 .debug_macro   0x0000c4e4      0x13a Application/User/dma.o
 .debug_macro   0x0000c61e      0x264 Application/User/dma.o
 .debug_macro   0x0000c882       0x2e Application/User/dma.o
 .debug_macro   0x0000c8b0      0x1a7 Application/User/dma.o
 .debug_macro   0x0000ca57       0x22 Application/User/dma.o
 .debug_macro   0x0000ca79       0xa5 Application/User/dma.o
 .debug_macro   0x0000cb1e      0x11e Application/User/dma.o
 .debug_macro   0x0000cc3c       0x85 Application/User/dma.o
 .debug_macro   0x0000ccc1       0x89 Application/User/dma.o
 .debug_macro   0x0000cd4a      0x202 Application/User/dma.o
 .debug_macro   0x0000cf4c      0x287 Application/User/dma.o
 .debug_macro   0x0000d1d3      0x11e Application/User/dma.o
 .debug_macro   0x0000d2f1      0x2f2 Application/User/gpio.o
 .debug_macro   0x0000d5e3      0x2fc Application/User/i2c.o
 .debug_macro   0x0000d8df      0x3ea Application/User/main.o
 .debug_macro   0x0000dcc9      0x306 Application/User/spi.o
 .debug_macro   0x0000dfcf      0x2e8 Application/User/stm32f4xx_hal_msp.o
 .debug_macro   0x0000e2b7      0x2f2 Application/User/stm32f4xx_it.o
 .debug_macro   0x0000e5a9      0x2fc Application/User/usart.o
 .debug_macro   0x0000e8a5      0x2ee Drivers/CMSIS/system_stm32f4xx.o
 .debug_macro   0x0000eb93      0x336 Drivers/STM32F4xx_HAL_Driver/stm32f4xx_hal.o
 .debug_macro   0x0000eec9      0x2e8 Drivers/STM32F4xx_HAL_Driver/stm32f4xx_hal_cortex.o
 .debug_macro   0x0000f1b1      0x2ef Drivers/STM32F4xx_HAL_Driver/stm32f4xx_hal_dma.o
 .debug_macro   0x0000f4a0      0x320 Drivers/STM32F4xx_HAL_Driver/stm32f4xx_hal_gpio.o
 .debug_macro   0x0000f7c0      0x32f Drivers/STM32F4xx_HAL_Driver/stm32f4xx_hal_i2c.o
 .debug_macro   0x0000faef      0x312 Drivers/STM32F4xx_HAL_Driver/stm32f4xx_hal_rcc.o
 .debug_macro   0x0000fe01      0x2f0 Drivers/STM32F4xx_HAL_Driver/stm32f4xx_hal_spi.o
 .debug_macro   0x000100f1      0x2e9 Drivers/STM32F4xx_HAL_Driver/stm32f4xx_hal_uart.o

.debug_str      0x00000000    0x5d4f7
 .debug_str     0x00000000    0x5a6ce Application/User/dma.o
                              0x5a9c6 (size before relaxing)
 .debug_str     0x0005a6ce       0xbe Application/User/gpio.o
                              0x5a3cf (size before relaxing)
 .debug_str     0x0005a78c      0x2c6 Application/User/i2c.o
                              0x5a91f (size before relaxing)
 .debug_str     0x0005aa52      0x781 Application/User/main.o
                              0x5b3ae (size before relaxing)
 .debug_str     0x0005b1d3      0x1fe Application/User/spi.o
                              0x5acaa (size before relaxing)
 .debug_str     0x0005b3d1       0x62 Application/User/stm32f4xx_hal_msp.o
                              0x5a5fd (size before relaxing)
 .debug_str     0x0005b433      0x11a Application/User/stm32f4xx_it.o
                              0x5a7ea (size before relaxing)
 .debug_str     0x0005b54d       0x6c Application/User/usart.o
                              0x5a8a1 (size before relaxing)
 .debug_str     0x0005b5b9      0x11c Drivers/CMSIS/system_stm32f4xx.o
                              0x5a432 (size before relaxing)
 .debug_str     0x0005b6d5      0x486 Drivers/STM32F4xx_HAL_Driver/stm32f4xx_hal.o
                              0x5ac96 (size before relaxing)
 .debug_str     0x0005bb5b      0x30a Drivers/STM32F4xx_HAL_Driver/stm32f4xx_hal_cortex.o
                              0x5aafd (size before relaxing)
 .debug_str     0x0005be65      0x1c2 Drivers/STM32F4xx_HAL_Driver/stm32f4xx_hal_dma.o
                              0x5a706 (size before relaxing)
 .debug_str     0x0005c027      0x283 Drivers/STM32F4xx_HAL_Driver/stm32f4xx_hal_gpio.o
                              0x5a689 (size before relaxing)
 .debug_str     0x0005c2aa      0x971 Drivers/STM32F4xx_HAL_Driver/stm32f4xx_hal_i2c.o
                              0x5b159 (size before relaxing)
 .debug_str     0x0005cc1b      0x210 Drivers/STM32F4xx_HAL_Driver/stm32f4xx_hal_rcc.o
                              0x5a818 (size before relaxing)
 .debug_str     0x0005ce2b      0x3e9 Drivers/STM32F4xx_HAL_Driver/stm32f4xx_hal_spi.o
                              0x5ab48 (size before relaxing)
 .debug_str     0x0005d214      0x2e3 Drivers/STM32F4xx_HAL_Driver/stm32f4xx_hal_uart.o
                              0x5aa77 (size before relaxing)

.comment        0x00000000       0x6e
 .comment       0x00000000       0x6e Application/User/dma.o
                                 0x6f (size before relaxing)
 .comment       0x0000006e       0x6f Application/User/gpio.o
 .comment       0x0000006e       0x6f Application/User/i2c.o
 .comment       0x0000006e       0x6f Application/User/main.o
 .comment       0x0000006e       0x6f Application/User/spi.o
 .comment       0x0000006e       0x6f Application/User/stm32f4xx_hal_msp.o
 .comment       0x0000006e       0x6f Application/User/stm32f4xx_it.o
 .comment       0x0000006e       0x6f Application/User/usart.o
 .comment       0x0000006e       0x6f Drivers/CMSIS/system_stm32f4xx.o
 .comment       0x0000006e       0x6f Drivers/STM32F4xx_HAL_Driver/stm32f4xx_hal.o
 .comment       0x0000006e       0x6f Drivers/STM32F4xx_HAL_Driver/stm32f4xx_hal_cortex.o
 .comment       0x0000006e       0x6f Drivers/STM32F4xx_HAL_Driver/stm32f4xx_hal_dma.o
 .comment       0x0000006e       0x6f Drivers/STM32F4xx_HAL_Driver/stm32f4xx_hal_gpio.o
 .comment       0x0000006e       0x6f Drivers/STM32F4xx_HAL_Driver/stm32f4xx_hal_i2c.o
 .comment       0x0000006e       0x6f Drivers/STM32F4xx_HAL_Driver/stm32f4xx_hal_rcc.o
 .comment       0x0000006e       0x6f Drivers/STM32F4xx_HAL_Driver/stm32f4xx_hal_spi.o
 .comment       0x0000006e       0x6f Drivers/STM32F4xx_HAL_Driver/stm32f4xx_hal_uart.o

.debug_frame    0x00000000     0x1830
 .debug_frame   0x00000000       0x2c Application/User/dma.o
 .debug_frame   0x0000002c       0x2c Application/User/gpio.o
 .debug_frame   0x00000058       0x48 Application/User/i2c.o
 .debug_frame   0x000000a0      0x108 Application/User/main.o
 .debug_frame   0x000001a8       0x6c Application/User/spi.o
 .debug_frame   0x00000214       0x2c Application/User/stm32f4xx_hal_msp.o
 .debug_frame   0x00000240       0x7c Application/User/stm32f4xx_it.o
 .debug_frame   0x000002bc       0x5c Application/User/usart.o
 .debug_frame   0x00000318       0x30 Drivers/CMSIS/system_stm32f4xx.o
 .debug_frame   0x00000348      0x184 Drivers/STM32F4xx_HAL_Driver/stm32f4xx_hal.o
 .debug_frame   0x000004cc      0x130 Drivers/STM32F4xx_HAL_Driver/stm32f4xx_hal_cortex.o
 .debug_frame   0x000005fc      0x120 Drivers/STM32F4xx_HAL_Driver/stm32f4xx_hal_dma.o
 .debug_frame   0x0000071c       0xd4 Drivers/STM32F4xx_HAL_Driver/stm32f4xx_hal_gpio.o
 .debug_frame   0x000007f0      0x6dc Drivers/STM32F4xx_HAL_Driver/stm32f4xx_hal_i2c.o
 .debug_frame   0x00000ecc      0x150 Drivers/STM32F4xx_HAL_Driver/stm32f4xx_hal_rcc.o
 .debug_frame   0x0000101c      0x4d0 Drivers/STM32F4xx_HAL_Driver/stm32f4xx_hal_spi.o
 .debug_frame   0x000014ec      0x318 Drivers/STM32F4xx_HAL_Driver/stm32f4xx_hal_uart.o
 .debug_frame   0x00001804       0x2c c:/armtc/eclipse/plugins/fr.ac6.mcu.externaltools.arm-none.win32_1.7.0.201602121829/tools/compiler/bin/../lib/gcc/arm-none-eabi/5.2.1/../../../../arm-none-eabi/lib/armv7e-m/fpu\libc_nano.a(lib_a-init.o)

.debug_loc      0x00000000     0x6c68
 .debug_loc     0x00000000       0x4d Application/User/i2c.o
 .debug_loc     0x0000004d      0x211 Application/User/main.o
 .debug_loc     0x0000025e       0x63 Application/User/spi.o
 .debug_loc     0x000002c1       0x4d Application/User/usart.o
 .debug_loc     0x0000030e       0xd7 Drivers/CMSIS/system_stm32f4xx.o
 .debug_loc     0x000003e5       0x84 Drivers/STM32F4xx_HAL_Driver/stm32f4xx_hal.o
 .debug_loc     0x00000469      0x4ab Drivers/STM32F4xx_HAL_Driver/stm32f4xx_hal_cortex.o
 .debug_loc     0x00000914      0x4e2 Drivers/STM32F4xx_HAL_Driver/stm32f4xx_hal_dma.o
 .debug_loc     0x00000df6      0x370 Drivers/STM32F4xx_HAL_Driver/stm32f4xx_hal_gpio.o
 .debug_loc     0x00001166     0x3179 Drivers/STM32F4xx_HAL_Driver/stm32f4xx_hal_i2c.o
 .debug_loc     0x000042df      0x4e3 Drivers/STM32F4xx_HAL_Driver/stm32f4xx_hal_rcc.o
 .debug_loc     0x000047c2     0x165e Drivers/STM32F4xx_HAL_Driver/stm32f4xx_hal_spi.o
 .debug_loc     0x00005e20      0xe48 Drivers/STM32F4xx_HAL_Driver/stm32f4xx_hal_uart.o
